Archive member included to satisfy reference by file (symbol)

c:/st/stm32cubeide_1.10.1/stm32cubeide/plugins/com.st.stm32cube.ide.mcu.externaltools.gnu-tools-for-stm32.10.3-2021.10.win32_1.0.0.202111181127/tools/bin/../lib/gcc/arm-none-eabi/10.3.1/../../../../arm-none-eabi/lib/thumb/v7e-m+fp/hard\libc_nano.a(lib_a-errno.o)
                              ./Core/Src/syscalls.o (__errno)
c:/st/stm32cubeide_1.10.1/stm32cubeide/plugins/com.st.stm32cube.ide.mcu.externaltools.gnu-tools-for-stm32.10.3-2021.10.win32_1.0.0.202111181127/tools/bin/../lib/gcc/arm-none-eabi/10.3.1/../../../../arm-none-eabi/lib/thumb/v7e-m+fp/hard\libc_nano.a(lib_a-exit.o)
                              c:/st/stm32cubeide_1.10.1/stm32cubeide/plugins/com.st.stm32cube.ide.mcu.externaltools.gnu-tools-for-stm32.10.3-2021.10.win32_1.0.0.202111181127/tools/bin/../lib/gcc/arm-none-eabi/10.3.1/../../../../arm-none-eabi/lib/thumb/v7e-m+fp/hard/crt0.o (exit)
c:/st/stm32cubeide_1.10.1/stm32cubeide/plugins/com.st.stm32cube.ide.mcu.externaltools.gnu-tools-for-stm32.10.3-2021.10.win32_1.0.0.202111181127/tools/bin/../lib/gcc/arm-none-eabi/10.3.1/../../../../arm-none-eabi/lib/thumb/v7e-m+fp/hard\libc_nano.a(lib_a-impure.o)
                              c:/st/stm32cubeide_1.10.1/stm32cubeide/plugins/com.st.stm32cube.ide.mcu.externaltools.gnu-tools-for-stm32.10.3-2021.10.win32_1.0.0.202111181127/tools/bin/../lib/gcc/arm-none-eabi/10.3.1/../../../../arm-none-eabi/lib/thumb/v7e-m+fp/hard\libc_nano.a(lib_a-exit.o) (_global_impure_ptr)
c:/st/stm32cubeide_1.10.1/stm32cubeide/plugins/com.st.stm32cube.ide.mcu.externaltools.gnu-tools-for-stm32.10.3-2021.10.win32_1.0.0.202111181127/tools/bin/../lib/gcc/arm-none-eabi/10.3.1/../../../../arm-none-eabi/lib/thumb/v7e-m+fp/hard\libc_nano.a(lib_a-init.o)
                              c:/st/stm32cubeide_1.10.1/stm32cubeide/plugins/com.st.stm32cube.ide.mcu.externaltools.gnu-tools-for-stm32.10.3-2021.10.win32_1.0.0.202111181127/tools/bin/../lib/gcc/arm-none-eabi/10.3.1/../../../../arm-none-eabi/lib/thumb/v7e-m+fp/hard/crt0.o (__libc_init_array)
c:/st/stm32cubeide_1.10.1/stm32cubeide/plugins/com.st.stm32cube.ide.mcu.externaltools.gnu-tools-for-stm32.10.3-2021.10.win32_1.0.0.202111181127/tools/bin/../lib/gcc/arm-none-eabi/10.3.1/../../../../arm-none-eabi/lib/thumb/v7e-m+fp/hard\libc_nano.a(lib_a-memset.o)
                              c:/st/stm32cubeide_1.10.1/stm32cubeide/plugins/com.st.stm32cube.ide.mcu.externaltools.gnu-tools-for-stm32.10.3-2021.10.win32_1.0.0.202111181127/tools/bin/../lib/gcc/arm-none-eabi/10.3.1/../../../../arm-none-eabi/lib/thumb/v7e-m+fp/hard/crt0.o (memset)
c:/st/stm32cubeide_1.10.1/stm32cubeide/plugins/com.st.stm32cube.ide.mcu.externaltools.gnu-tools-for-stm32.10.3-2021.10.win32_1.0.0.202111181127/tools/bin/../lib/gcc/arm-none-eabi/10.3.1/thumb/v7e-m+fp/hard\libgcc.a(_aeabi_uldivmod.o)
                              ./Drivers/STM32F4xx_HAL_Driver/Src/stm32f4xx_hal_rcc.o (__aeabi_uldivmod)
c:/st/stm32cubeide_1.10.1/stm32cubeide/plugins/com.st.stm32cube.ide.mcu.externaltools.gnu-tools-for-stm32.10.3-2021.10.win32_1.0.0.202111181127/tools/bin/../lib/gcc/arm-none-eabi/10.3.1/thumb/v7e-m+fp/hard\libgcc.a(_udivmoddi4.o)
                              c:/st/stm32cubeide_1.10.1/stm32cubeide/plugins/com.st.stm32cube.ide.mcu.externaltools.gnu-tools-for-stm32.10.3-2021.10.win32_1.0.0.202111181127/tools/bin/../lib/gcc/arm-none-eabi/10.3.1/thumb/v7e-m+fp/hard\libgcc.a(_aeabi_uldivmod.o) (__udivmoddi4)
c:/st/stm32cubeide_1.10.1/stm32cubeide/plugins/com.st.stm32cube.ide.mcu.externaltools.gnu-tools-for-stm32.10.3-2021.10.win32_1.0.0.202111181127/tools/bin/../lib/gcc/arm-none-eabi/10.3.1/thumb/v7e-m+fp/hard\libgcc.a(_dvmd_tls.o)
                              c:/st/stm32cubeide_1.10.1/stm32cubeide/plugins/com.st.stm32cube.ide.mcu.externaltools.gnu-tools-for-stm32.10.3-2021.10.win32_1.0.0.202111181127/tools/bin/../lib/gcc/arm-none-eabi/10.3.1/thumb/v7e-m+fp/hard\libgcc.a(_aeabi_uldivmod.o) (__aeabi_ldiv0)

Discarded input sections

 .text          0x0000000000000000        0x0 c:/st/stm32cubeide_1.10.1/stm32cubeide/plugins/com.st.stm32cube.ide.mcu.externaltools.gnu-tools-for-stm32.10.3-2021.10.win32_1.0.0.202111181127/tools/bin/../lib/gcc/arm-none-eabi/10.3.1/thumb/v7e-m+fp/hard/crti.o
 .data          0x0000000000000000        0x0 c:/st/stm32cubeide_1.10.1/stm32cubeide/plugins/com.st.stm32cube.ide.mcu.externaltools.gnu-tools-for-stm32.10.3-2021.10.win32_1.0.0.202111181127/tools/bin/../lib/gcc/arm-none-eabi/10.3.1/thumb/v7e-m+fp/hard/crti.o
 .bss           0x0000000000000000        0x0 c:/st/stm32cubeide_1.10.1/stm32cubeide/plugins/com.st.stm32cube.ide.mcu.externaltools.gnu-tools-for-stm32.10.3-2021.10.win32_1.0.0.202111181127/tools/bin/../lib/gcc/arm-none-eabi/10.3.1/thumb/v7e-m+fp/hard/crti.o
[...]
Memory Configuration

Name             Origin             Length             Attributes
CCMRAM           0x0000000010000000 0x0000000000010000 xrw
RAM              0x0000000020000000 0x0000000000030000 xrw
FLASH            0x0000000008000000 0x0000000000200000 xr
*default*        0x0000000000000000 0xffffffffffffffff

Linker script and memory map

LOAD c:/st/stm32cubeide_1.10.1/stm32cubeide/plugins/com.st.stm32cube.ide.mcu.externaltools.gnu-tools-for-stm32.10.3-2021.10.win32_1.0.0.202111181127/tools/bin/../lib/gcc/arm-none-eabi/10.3.1/thumb/v7e-m+fp/hard/crti.o
LOAD c:/st/stm32cubeide_1.10.1/stm32cubeide/plugins/com.st.stm32cube.ide.mcu.externaltools.gnu-tools-for-stm32.10.3-2021.10.win32_1.0.0.202111181127/tools/bin/../lib/gcc/arm-none-eabi/10.3.1/thumb/v7e-m+fp/hard/crtbegin.o
LOAD c:/st/stm32cubeide_1.10.1/stm32cubeide/plugins/com.st.stm32cube.ide.mcu.externaltools.gnu-tools-for-stm32.10.3-2021.10.win32_1.0.0.202111181127/tools/bin/../lib/gcc/arm-none-eabi/10.3.1/../../../../arm-none-eabi/lib/thumb/v7e-m+fp/hard/crt0.o
LOAD ./Core/Src/API_Control_Estados.o
LOAD ./Core/Src/API_debounce.o
LOAD ./Core/Src/API_delay.o
LOAD ./Core/Src/API_uart.o
LOAD ./Core/Src/Buzzer.o
LOAD ./Core/Src/SensorTemp.o
LOAD ./Core/Src/main.o
LOAD ./Core/Src/stm32f4xx_hal_msp.o
LOAD ./Core/Src/stm32f4xx_it.o
LOAD ./Core/Src/stm32f4xx_nucleo_144.o
LOAD ./Core/Src/syscalls.o
LOAD ./Core/Src/sysmem.o
LOAD ./Core/Src/system_stm32f4xx.o
LOAD ./Core/Startup/startup_stm32f429zitx.o
LOAD ./Drivers/STM32F4xx_HAL_Driver/Src/stm32f4xx_hal.o
LOAD ./Drivers/STM32F4xx_HAL_Driver/Src/stm32f4xx_hal_adc.o
LOAD ./Drivers/STM32F4xx_HAL_Driver/Src/stm32f4xx_hal_adc_ex.o
LOAD ./Drivers/STM32F4xx_HAL_Driver/Src/stm32f4xx_hal_cortex.o
LOAD ./Drivers/STM32F4xx_HAL_Driver/Src/stm32f4xx_hal_dma.o
LOAD ./Drivers/STM32F4xx_HAL_Driver/Src/stm32f4xx_hal_dma_ex.o
LOAD ./Drivers/STM32F4xx_HAL_Driver/Src/stm32f4xx_hal_eth.o
LOAD ./Drivers/STM32F4xx_HAL_Driver/Src/stm32f4xx_hal_exti.o
LOAD ./Drivers/STM32F4xx_HAL_Driver/Src/stm32f4xx_hal_flash.o
LOAD ./Drivers/STM32F4xx_HAL_Driver/Src/stm32f4xx_hal_flash_ex.o
LOAD ./Drivers/STM32F4xx_HAL_Driver/Src/stm32f4xx_hal_flash_ramfunc.o
LOAD ./Drivers/STM32F4xx_HAL_Driver/Src/stm32f4xx_hal_gpio.o
LOAD ./Drivers/STM32F4xx_HAL_Driver/Src/stm32f4xx_hal_pcd.o
LOAD ./Drivers/STM32F4xx_HAL_Driver/Src/stm32f4xx_hal_pcd_ex.o
LOAD ./Drivers/STM32F4xx_HAL_Driver/Src/stm32f4xx_hal_pwr.o
LOAD ./Drivers/STM32F4xx_HAL_Driver/Src/stm32f4xx_hal_pwr_ex.o
LOAD ./Drivers/STM32F4xx_HAL_Driver/Src/stm32f4xx_hal_rcc.o
LOAD ./Drivers/STM32F4xx_HAL_Driver/Src/stm32f4xx_hal_rcc_ex.o
LOAD ./Drivers/STM32F4xx_HAL_Driver/Src/stm32f4xx_hal_tim.o
LOAD ./Drivers/STM32F4xx_HAL_Driver/Src/stm32f4xx_hal_tim_ex.o
LOAD ./Drivers/STM32F4xx_HAL_Driver/Src/stm32f4xx_hal_uart.o
LOAD ./Drivers/STM32F4xx_HAL_Driver/Src/stm32f4xx_ll_adc.o
LOAD ./Drivers/STM32F4xx_HAL_Driver/Src/stm32f4xx_ll_usb.o
START GROUP
LOAD c:/st/stm32cubeide_1.10.1/stm32cubeide/plugins/com.st.stm32cube.ide.mcu.externaltools.gnu-tools-for-stm32.10.3-2021.10.win32_1.0.0.202111181127/tools/bin/../lib/gcc/arm-none-eabi/10.3.1/../../../../arm-none-eabi/lib/thumb/v7e-m+fp/hard\libc_nano.a
LOAD c:/st/stm32cubeide_1.10.1/stm32cubeide/plugins/com.st.stm32cube.ide.mcu.externaltools.gnu-tools-for-stm32.10.3-2021.10.win32_1.0.0.202111181127/tools/bin/../lib/gcc/arm-none-eabi/10.3.1/../../../../arm-none-eabi/lib/thumb/v7e-m+fp/hard\libm.a
END GROUP
START GROUP
LOAD c:/st/stm32cubeide_1.10.1/stm32cubeide/plugins/com.st.stm32cube.ide.mcu.externaltools.gnu-tools-for-stm32.10.3-2021.10.win32_1.0.0.202111181127/tools/bin/../lib/gcc/arm-none-eabi/10.3.1/thumb/v7e-m+fp/hard\libgcc.a
LOAD c:/st/stm32cubeide_1.10.1/stm32cubeide/plugins/com.st.stm32cube.ide.mcu.externaltools.gnu-tools-for-stm32.10.3-2021.10.win32_1.0.0.202111181127/tools/bin/../lib/gcc/arm-none-eabi/10.3.1/../../../../arm-none-eabi/lib/thumb/v7e-m+fp/hard\libc_nano.a
END GROUP
START GROUP
LOAD c:/st/stm32cubeide_1.10.1/stm32cubeide/plugins/com.st.stm32cube.ide.mcu.externaltools.gnu-tools-for-stm32.10.3-2021.10.win32_1.0.0.202111181127/tools/bin/../lib/gcc/arm-none-eabi/10.3.1/thumb/v7e-m+fp/hard\libgcc.a
LOAD c:/st/stm32cubeide_1.10.1/stm32cubeide/plugins/com.st.stm32cube.ide.mcu.externaltools.gnu-tools-for-stm32.10.3-2021.10.win32_1.0.0.202111181127/tools/bin/../lib/gcc/arm-none-eabi/10.3.1/../../../../arm-none-eabi/lib/thumb/v7e-m+fp/hard\libc_nano.a
LOAD c:/st/stm32cubeide_1.10.1/stm32cubeide/plugins/com.st.stm32cube.ide.mcu.externaltools.gnu-tools-for-stm32.10.3-2021.10.win32_1.0.0.202111181127/tools/bin/../lib/gcc/arm-none-eabi/10.3.1/../../../../arm-none-eabi/lib/thumb/v7e-m+fp/hard\libnosys.a
END GROUP
START GROUP
LOAD c:/st/stm32cubeide_1.10.1/stm32cubeide/plugins/com.st.stm32cube.ide.mcu.externaltools.gnu-tools-for-stm32.10.3-2021.10.win32_1.0.0.202111181127/tools/bin/../lib/gcc/arm-none-eabi/10.3.1/thumb/v7e-m+fp/hard\libgcc.a
LOAD c:/st/stm32cubeide_1.10.1/stm32cubeide/plugins/com.st.stm32cube.ide.mcu.externaltools.gnu-tools-for-stm32.10.3-2021.10.win32_1.0.0.202111181127/tools/bin/../lib/gcc/arm-none-eabi/10.3.1/../../../../arm-none-eabi/lib/thumb/v7e-m+fp/hard\libc_nano.a
LOAD c:/st/stm32cubeide_1.10.1/stm32cubeide/plugins/com.st.stm32cube.ide.mcu.externaltools.gnu-tools-for-stm32.10.3-2021.10.win32_1.0.0.202111181127/tools/bin/../lib/gcc/arm-none-eabi/10.3.1/../../../../arm-none-eabi/lib/thumb/v7e-m+fp/hard\libnosys.a
END GROUP
LOAD c:/st/stm32cubeide_1.10.1/stm32cubeide/plugins/com.st.stm32cube.ide.mcu.externaltools.gnu-tools-for-stm32.10.3-2021.10.win32_1.0.0.202111181127/tools/bin/../lib/gcc/arm-none-eabi/10.3.1/thumb/v7e-m+fp/hard/crtend.o
LOAD c:/st/stm32cubeide_1.10.1/stm32cubeide/plugins/com.st.stm32cube.ide.mcu.externaltools.gnu-tools-for-stm32.10.3-2021.10.win32_1.0.0.202111181127/tools/bin/../lib/gcc/arm-none-eabi/10.3.1/thumb/v7e-m+fp/hard/crtn.o
                0x0000000020030000                _estack = (ORIGIN (RAM) + LENGTH (RAM))
                0x0000000000000200                _Min_Heap_Size = 0x200
                0x0000000000000400                _Min_Stack_Size = 0x400

.isr_vector     0x0000000008000000      0x1ac
                0x0000000008000000                . = ALIGN (0x4)
 *(.isr_vector)
 .isr_vector    0x0000000008000000      0x1ac ./Core/Startup/startup_stm32f429zitx.o
                0x0000000008000000                g_pfnVectors
                0x00000000080001ac                . = ALIGN (0x4)

.text           0x00000000080001ac     0x4428
                0x00000000080001ac                . = ALIGN (0x4)
 *(.text)
 .text          0x00000000080001ac       0x40 c:/st/stm32cubeide_1.10.1/stm32cubeide/plugins/com.st.stm32cube.ide.mcu.externaltools.gnu-tools-for-stm32.10.3-2021.10.win32_1.0.0.202111181127/tools/bin/../lib/gcc/arm-none-eabi/10.3.1/thumb/v7e-m+fp/hard/crtbegin.o
 .text          0x00000000080001ec       0x30 c:/st/stm32cubeide_1.10.1/stm32cubeide/plugins/com.st.stm32cube.ide.mcu.externaltools.gnu-tools-for-stm32.10.3-2021.10.win32_1.0.0.202111181127/tools/bin/../lib/gcc/arm-none-eabi/10.3.1/thumb/v7e-m+fp/hard\libgcc.a(_aeabi_uldivmod.o)
                0x00000000080001ec                __aeabi_uldivmod
 .text          0x000000000800021c      0x2d0 c:/st/stm32cubeide_1.10.1/stm32cubeide/plugins/com.st.stm32cube.ide.mcu.externaltools.gnu-tools-for-stm32.10.3-2021.10.win32_1.0.0.202111181127/tools/bin/../lib/gcc/arm-none-eabi/10.3.1/thumb/v7e-m+fp/hard\libgcc.a(_udivmoddi4.o)
                0x000000000800021c                __udivmoddi4
 .text          0x00000000080004ec        0x4 c:/st/stm32cubeide_1.10.1/stm32cubeide/plugins/com.st.stm32cube.ide.mcu.externaltools.gnu-tools-for-stm32.10.3-2021.10.win32_1.0.0.202111181127/tools/bin/../lib/gcc/arm-none-eabi/10.3.1/thumb/v7e-m+fp/hard\libgcc.a(_dvmd_tls.o)
                0x00000000080004ec                __aeabi_idiv0
                0x00000000080004ec                __aeabi_ldiv0
 *(.text*)
 .text.ControlFSM_init
                0x00000000080004f0       0x60 ./Core/Src/API_Control_Estados.o
                0x00000000080004f0                ControlFSM_init
 .text.ControlFSM_update
                0x0000000008000550       0xfc ./Core/Src/API_Control_Estados.o
                0x0000000008000550                ControlFSM_update
 .text.Definir_Estado
                0x000000000800064c       0x58 ./Core/Src/API_Control_Estados.o
 .text.Activar_Estado_Critico
                0x00000000080006a4       0x2e ./Core/Src/API_Control_Estados.o
 .text.Activar_Estado_Alto
                0x00000000080006d2       0x1a ./Core/Src/API_Control_Estados.o
 .text.Activar_Estado_Medio
                0x00000000080006ec       0x1a ./Core/Src/API_Control_Estados.o
 .text.Activar_Estado_Bajo
                0x0000000008000706       0x1a ./Core/Src/API_Control_Estados.o
 .text.Activar_Estado_Bajo_Cero
                0x0000000008000720       0x1a ./Core/Src/API_Control_Estados.o
 *fill*         0x000000000800073a        0x2 
 .text.debounceFSM_init
                0x000000000800073c       0x34 ./Core/Src/API_debounce.o
                0x000000000800073c                debounceFSM_init
 .text.debounceFSM_update
                0x0000000008000770       0xd0 ./Core/Src/API_debounce.o
                0x0000000008000770                debounceFSM_update
 .text.buttonPressed
                0x0000000008000840       0x18 ./Core/Src/API_debounce.o
 .text.buttonReleased
                0x0000000008000858        0xe ./Core/Src/API_debounce.o
 *fill*         0x0000000008000866        0x2 
 .text.readKey  0x0000000008000868       0x24 ./Core/Src/API_debounce.o
                0x0000000008000868                readKey
 .text.delayInit
                0x000000000800088c       0x3c ./Core/Src/API_delay.o
                0x000000000800088c                delayInit
 .text.delayReadState
                0x00000000080008c8       0x60 ./Core/Src/API_delay.o
                0x00000000080008c8                delayReadState
 .text.uartInit
                0x0000000008000928       0x58 ./Core/Src/API_uart.o
                0x0000000008000928                uartInit
 .text.uartSendString
                0x0000000008000980       0x4c ./Core/Src/API_uart.o
                0x0000000008000980                uartSendString
 .text.uartReceiveStringSize
                0x00000000080009cc       0x28 ./Core/Src/API_uart.o
                0x00000000080009cc                uartReceiveStringSize
 .text.SensorTemp_Init
                0x00000000080009f4        0xc ./Core/Src/SensorTemp.o
                0x00000000080009f4                SensorTemp_Init
 .text.SensorTemp_Read
                0x0000000008000a00       0x24 ./Core/Src/SensorTemp.o
                0x0000000008000a00                SensorTemp_Read
 .text.str_to_decimal
                0x0000000008000a24       0x98 ./Core/Src/SensorTemp.o
                0x0000000008000a24                str_to_decimal
 .text.main     0x0000000008000abc       0x60 ./Core/Src/main.o
                0x0000000008000abc                main
 .text.SystemClock_Config
                0x0000000008000b1c       0xd4 ./Core/Src/main.o
                0x0000000008000b1c                SystemClock_Config
 .text.MX_ADC1_Init
                0x0000000008000bf0       0xa4 ./Core/Src/main.o
 .text.MX_ETH_Init
                0x0000000008000c94       0x9c ./Core/Src/main.o
 .text.MX_USART3_UART_Init
                0x0000000008000d30       0x54 ./Core/Src/main.o
 .text.MX_USB_OTG_FS_PCD_Init
                0x0000000008000d84       0x5c ./Core/Src/main.o
 .text.MX_GPIO_Init
                0x0000000008000de0      0x174 ./Core/Src/main.o
 .text.Error_Handler
                0x0000000008000f54        0xa ./Core/Src/main.o
                0x0000000008000f54                Error_Handler
 *fill*         0x0000000008000f5e        0x2 
 .text.HAL_MspInit
                0x0000000008000f60       0x50 ./Core/Src/stm32f4xx_hal_msp.o
                0x0000000008000f60                HAL_MspInit
 .text.HAL_ADC_MspInit
                0x0000000008000fb0       0x88 ./Core/Src/stm32f4xx_hal_msp.o
                0x0000000008000fb0                HAL_ADC_MspInit
 .text.HAL_ETH_MspInit
                0x0000000008001038      0x18c ./Core/Src/stm32f4xx_hal_msp.o
                0x0000000008001038                HAL_ETH_MspInit
 .text.HAL_UART_MspInit
                0x00000000080011c4       0x90 ./Core/Src/stm32f4xx_hal_msp.o
                0x00000000080011c4                HAL_UART_MspInit
 .text.HAL_PCD_MspInit
                0x0000000008001254       0xb4 ./Core/Src/stm32f4xx_hal_msp.o
                0x0000000008001254                HAL_PCD_MspInit
 .text.NMI_Handler
                0x0000000008001308        0x6 ./Core/Src/stm32f4xx_it.o
                0x0000000008001308                NMI_Handler
 .text.HardFault_Handler
                0x000000000800130e        0x6 ./Core/Src/stm32f4xx_it.o
                0x000000000800130e                HardFault_Handler
 .text.MemManage_Handler
                0x0000000008001314        0x6 ./Core/Src/stm32f4xx_it.o
                0x0000000008001314                MemManage_Handler
 .text.BusFault_Handler
                0x000000000800131a        0x6 ./Core/Src/stm32f4xx_it.o
                0x000000000800131a                BusFault_Handler
 .text.UsageFault_Handler
                0x0000000008001320        0x6 ./Core/Src/stm32f4xx_it.o
                0x0000000008001320                UsageFault_Handler
 .text.SVC_Handler
                0x0000000008001326        0xe ./Core/Src/stm32f4xx_it.o
                0x0000000008001326                SVC_Handler
 .text.DebugMon_Handler
                0x0000000008001334        0xe ./Core/Src/stm32f4xx_it.o
                0x0000000008001334                DebugMon_Handler
 .text.PendSV_Handler
                0x0000000008001342        0xe ./Core/Src/stm32f4xx_it.o
                0x0000000008001342                PendSV_Handler
 .text.SysTick_Handler
                0x0000000008001350        0xc ./Core/Src/stm32f4xx_it.o
                0x0000000008001350                SysTick_Handler
 .text.BSP_LED_Init
                0x000000000800135c       0xa0 ./Core/Src/stm32f4xx_nucleo_144.o
                0x000000000800135c                BSP_LED_Init
 .text.BSP_LED_On
                0x00000000080013fc       0x34 ./Core/Src/stm32f4xx_nucleo_144.o
                0x00000000080013fc                BSP_LED_On
 .text.BSP_LED_Off
                0x0000000008001430       0x34 ./Core/Src/stm32f4xx_nucleo_144.o
                0x0000000008001430                BSP_LED_Off
 .text.BSP_LED_Toggle
                0x0000000008001464       0x34 ./Core/Src/stm32f4xx_nucleo_144.o
                0x0000000008001464                BSP_LED_Toggle
 .text.BSP_PB_Init
                0x0000000008001498       0xac ./Core/Src/stm32f4xx_nucleo_144.o
                0x0000000008001498                BSP_PB_Init
 .text.BSP_PB_GetState
                0x0000000008001544       0x2c ./Core/Src/stm32f4xx_nucleo_144.o
                0x0000000008001544                BSP_PB_GetState
 .text.SystemInit
                0x0000000008001570       0x24 ./Core/Src/system_stm32f4xx.o
                0x0000000008001570                SystemInit
 .text.Reset_Handler
                0x0000000008001594       0x50 ./Core/Startup/startup_stm32f429zitx.o
                0x0000000008001594                Reset_Handler
 .text.Default_Handler
                0x00000000080015e4        0x2 ./Core/Startup/startup_stm32f429zitx.o
                0x00000000080015e4                RTC_Alarm_IRQHandler
                0x00000000080015e4                HASH_RNG_IRQHandler
                0x00000000080015e4                EXTI2_IRQHandler
                0x00000000080015e4                TIM8_CC_IRQHandler
                0x00000000080015e4                UART8_IRQHandler
                0x00000000080015e4                SPI4_IRQHandler
                0x00000000080015e4                TIM1_CC_IRQHandler
                0x00000000080015e4                DMA2_Stream5_IRQHandler
                0x00000000080015e4                DMA1_Stream5_IRQHandler
                0x00000000080015e4                PVD_IRQHandler
                0x00000000080015e4                SDIO_IRQHandler
                0x00000000080015e4                TAMP_STAMP_IRQHandler
                0x00000000080015e4                CAN2_RX1_IRQHandler
                0x00000000080015e4                EXTI3_IRQHandler
                0x00000000080015e4                TIM8_TRG_COM_TIM14_IRQHandler
                0x00000000080015e4                TIM1_UP_TIM10_IRQHandler
                0x00000000080015e4                TIM8_UP_TIM13_IRQHandler
                0x00000000080015e4                I2C3_ER_IRQHandler
                0x00000000080015e4                EXTI0_IRQHandler
                0x00000000080015e4                I2C2_EV_IRQHandler
                0x00000000080015e4                DMA1_Stream2_IRQHandler
                0x00000000080015e4                CAN1_RX0_IRQHandler
                0x00000000080015e4                FPU_IRQHandler
                0x00000000080015e4                OTG_HS_WKUP_IRQHandler
                0x00000000080015e4                LTDC_ER_IRQHandler
                0x00000000080015e4                CAN2_SCE_IRQHandler
                0x00000000080015e4                DMA2_Stream2_IRQHandler
                0x00000000080015e4                SPI1_IRQHandler
                0x00000000080015e4                TIM6_DAC_IRQHandler
                0x00000000080015e4                TIM1_BRK_TIM9_IRQHandler
                0x00000000080015e4                DCMI_IRQHandler
                0x00000000080015e4                CAN2_RX0_IRQHandler
                0x00000000080015e4                DMA2_Stream3_IRQHandler
                0x00000000080015e4                USART6_IRQHandler
                0x00000000080015e4                USART3_IRQHandler
                0x00000000080015e4                CAN1_RX1_IRQHandler
                0x00000000080015e4                UART5_IRQHandler
                0x00000000080015e4                DMA2_Stream0_IRQHandler
                0x00000000080015e4                TIM4_IRQHandler
                0x00000000080015e4                I2C1_EV_IRQHandler
                0x00000000080015e4                DMA1_Stream6_IRQHandler
                0x00000000080015e4                DMA1_Stream1_IRQHandler
                0x00000000080015e4                UART4_IRQHandler
                0x00000000080015e4                TIM3_IRQHandler
                0x00000000080015e4                RCC_IRQHandler
                0x00000000080015e4                TIM8_BRK_TIM12_IRQHandler
                0x00000000080015e4                Default_Handler
                0x00000000080015e4                EXTI15_10_IRQHandler
                0x00000000080015e4                ADC_IRQHandler
                0x00000000080015e4                DMA1_Stream7_IRQHandler
                0x00000000080015e4                SPI5_IRQHandler
                0x00000000080015e4                TIM7_IRQHandler
                0x00000000080015e4                CAN2_TX_IRQHandler
                0x00000000080015e4                TIM5_IRQHandler
                0x00000000080015e4                DMA2_Stream7_IRQHandler
                0x00000000080015e4                I2C3_EV_IRQHandler
                0x00000000080015e4                EXTI9_5_IRQHandler
                0x00000000080015e4                RTC_WKUP_IRQHandler
                0x00000000080015e4                LTDC_IRQHandler
                0x00000000080015e4                ETH_WKUP_IRQHandler
                0x00000000080015e4                SPI2_IRQHandler
                0x00000000080015e4                OTG_HS_EP1_IN_IRQHandler
                0x00000000080015e4                DMA1_Stream0_IRQHandler
                0x00000000080015e4                CAN1_TX_IRQHandler
                0x00000000080015e4                EXTI4_IRQHandler
                0x00000000080015e4                ETH_IRQHandler
                0x00000000080015e4                OTG_HS_EP1_OUT_IRQHandler
                0x00000000080015e4                WWDG_IRQHandler
                0x00000000080015e4                SPI6_IRQHandler
                0x00000000080015e4                TIM2_IRQHandler
                0x00000000080015e4                OTG_FS_WKUP_IRQHandler
                0x00000000080015e4                TIM1_TRG_COM_TIM11_IRQHandler
                0x00000000080015e4                OTG_HS_IRQHandler
                0x00000000080015e4                DMA2D_IRQHandler
                0x00000000080015e4                EXTI1_IRQHandler
                0x00000000080015e4                UART7_IRQHandler
                0x00000000080015e4                USART2_IRQHandler
                0x00000000080015e4                I2C2_ER_IRQHandler
                0x00000000080015e4                DMA2_Stream1_IRQHandler
                0x00000000080015e4                CAN1_SCE_IRQHandler
                0x00000000080015e4                FLASH_IRQHandler
                0x00000000080015e4                DMA2_Stream4_IRQHandler
                0x00000000080015e4                USART1_IRQHandler
                0x00000000080015e4                OTG_FS_IRQHandler
                0x00000000080015e4                SPI3_IRQHandler
                0x00000000080015e4                DMA1_Stream4_IRQHandler
                0x00000000080015e4                I2C1_ER_IRQHandler
                0x00000000080015e4                FMC_IRQHandler
                0x00000000080015e4                DMA2_Stream6_IRQHandler
                0x00000000080015e4                SAI1_IRQHandler
                0x00000000080015e4                DMA1_Stream3_IRQHandler
 *fill*         0x00000000080015e6        0x2 
 .text.HAL_Init
                0x00000000080015e8       0x44 ./Drivers/STM32F4xx_HAL_Driver/Src/stm32f4xx_hal.o
                0x00000000080015e8                HAL_Init
 .text.HAL_InitTick
                0x000000000800162c       0x60 ./Drivers/STM32F4xx_HAL_Driver/Src/stm32f4xx_hal.o
                0x000000000800162c                HAL_InitTick
 .text.HAL_IncTick
                0x000000000800168c       0x28 ./Drivers/STM32F4xx_HAL_Driver/Src/stm32f4xx_hal.o
                0x000000000800168c                HAL_IncTick
 .text.HAL_GetTick
                0x00000000080016b4       0x18 ./Drivers/STM32F4xx_HAL_Driver/Src/stm32f4xx_hal.o
                0x00000000080016b4                HAL_GetTick
 .text.HAL_Delay
                0x00000000080016cc       0x48 ./Drivers/STM32F4xx_HAL_Driver/Src/stm32f4xx_hal.o
                0x00000000080016cc                HAL_Delay
 .text.HAL_ADC_Init
                0x0000000008001714       0x86 ./Drivers/STM32F4xx_HAL_Driver/Src/stm32f4xx_hal_adc.o
                0x0000000008001714                HAL_ADC_Init
 *fill*         0x000000000800179a        0x2 
 .text.HAL_ADC_Start
                0x000000000800179c      0x1a4 ./Drivers/STM32F4xx_HAL_Driver/Src/stm32f4xx_hal_adc.o
                0x000000000800179c                HAL_ADC_Start
 .text.HAL_ADC_PollForConversion
                0x0000000008001940      0x116 ./Drivers/STM32F4xx_HAL_Driver/Src/stm32f4xx_hal_adc.o
                0x0000000008001940                HAL_ADC_PollForConversion
 .text.HAL_ADC_GetValue
                0x0000000008001a56       0x1a ./Drivers/STM32F4xx_HAL_Driver/Src/stm32f4xx_hal_adc.o
                0x0000000008001a56                HAL_ADC_GetValue
 .text.HAL_ADC_ConfigChannel
                0x0000000008001a70      0x264 ./Drivers/STM32F4xx_HAL_Driver/Src/stm32f4xx_hal_adc.o
                0x0000000008001a70                HAL_ADC_ConfigChannel
 .text.ADC_Init
                0x0000000008001cd4      0x1f8 ./Drivers/STM32F4xx_HAL_Driver/Src/stm32f4xx_hal_adc.o
 .text.__NVIC_SetPriorityGrouping
                0x0000000008001ecc       0x48 ./Drivers/STM32F4xx_HAL_Driver/Src/stm32f4xx_hal_cortex.o
 .text.__NVIC_GetPriorityGrouping
                0x0000000008001f14       0x1c ./Drivers/STM32F4xx_HAL_Driver/Src/stm32f4xx_hal_cortex.o
 .text.__NVIC_EnableIRQ
                0x0000000008001f30       0x3c ./Drivers/STM32F4xx_HAL_Driver/Src/stm32f4xx_hal_cortex.o
 .text.__NVIC_SetPriority
                0x0000000008001f6c       0x54 ./Drivers/STM32F4xx_HAL_Driver/Src/stm32f4xx_hal_cortex.o
 .text.NVIC_EncodePriority
                0x0000000008001fc0       0x66 ./Drivers/STM32F4xx_HAL_Driver/Src/stm32f4xx_hal_cortex.o
 *fill*         0x0000000008002026        0x2 
 .text.SysTick_Config
                0x0000000008002028       0x44 ./Drivers/STM32F4xx_HAL_Driver/Src/stm32f4xx_hal_cortex.o
 .text.HAL_NVIC_SetPriorityGrouping
                0x000000000800206c       0x16 ./Drivers/STM32F4xx_HAL_Driver/Src/stm32f4xx_hal_cortex.o
                0x000000000800206c                HAL_NVIC_SetPriorityGrouping
 .text.HAL_NVIC_SetPriority
                0x0000000008002082       0x38 ./Drivers/STM32F4xx_HAL_Driver/Src/stm32f4xx_hal_cortex.o
                0x0000000008002082                HAL_NVIC_SetPriority
 .text.HAL_NVIC_EnableIRQ
                0x00000000080020ba       0x1c ./Drivers/STM32F4xx_HAL_Driver/Src/stm32f4xx_hal_cortex.o
                0x00000000080020ba                HAL_NVIC_EnableIRQ
 .text.HAL_SYSTICK_Config
                0x00000000080020d6       0x18 ./Drivers/STM32F4xx_HAL_Driver/Src/stm32f4xx_hal_cortex.o
                0x00000000080020d6                HAL_SYSTICK_Config
 *fill*         0x00000000080020ee        0x2 
 .text.HAL_ETH_Init
                0x00000000080020f0       0xfc ./Drivers/STM32F4xx_HAL_Driver/Src/stm32f4xx_hal_eth.o
                0x00000000080020f0                HAL_ETH_Init
 .text.ETH_SetMACConfig
                0x00000000080021ec      0x160 ./Drivers/STM32F4xx_HAL_Driver/Src/stm32f4xx_hal_eth.o
 .text.ETH_SetDMAConfig
                0x000000000800234c      0x114 ./Drivers/STM32F4xx_HAL_Driver/Src/stm32f4xx_hal_eth.o
 .text.ETH_MACDMAConfig
                0x0000000008002460       0xe4 ./Drivers/STM32F4xx_HAL_Driver/Src/stm32f4xx_hal_eth.o
 .text.ETH_MACAddressConfig
                0x0000000008002544       0x70 ./Drivers/STM32F4xx_HAL_Driver/Src/stm32f4xx_hal_eth.o
 .text.ETH_DMATxDescListInit
                0x00000000080025b4       0xb2 ./Drivers/STM32F4xx_HAL_Driver/Src/stm32f4xx_hal_eth.o
 .text.ETH_DMARxDescListInit
                0x0000000008002666       0xda ./Drivers/STM32F4xx_HAL_Driver/Src/stm32f4xx_hal_eth.o
 .text.HAL_GPIO_Init
                0x0000000008002740      0x358 ./Drivers/STM32F4xx_HAL_Driver/Src/stm32f4xx_hal_gpio.o
                0x0000000008002740                HAL_GPIO_Init
 .text.HAL_GPIO_ReadPin
                0x0000000008002a98       0x30 ./Drivers/STM32F4xx_HAL_Driver/Src/stm32f4xx_hal_gpio.o
                0x0000000008002a98                HAL_GPIO_ReadPin
 .text.HAL_GPIO_WritePin
                0x0000000008002ac8       0x32 ./Drivers/STM32F4xx_HAL_Driver/Src/stm32f4xx_hal_gpio.o
                0x0000000008002ac8                HAL_GPIO_WritePin
 .text.HAL_GPIO_TogglePin
                0x0000000008002afa       0x34 ./Drivers/STM32F4xx_HAL_Driver/Src/stm32f4xx_hal_gpio.o
                0x0000000008002afa                HAL_GPIO_TogglePin
 .text.HAL_PCD_Init
                0x0000000008002b2e      0x23a ./Drivers/STM32F4xx_HAL_Driver/Src/stm32f4xx_hal_pcd.o
                0x0000000008002b2e                HAL_PCD_Init
 .text.HAL_RCC_OscConfig
                0x0000000008002d68      0x4f0 ./Drivers/STM32F4xx_HAL_Driver/Src/stm32f4xx_hal_rcc.o
                0x0000000008002d68                HAL_RCC_OscConfig
 .text.HAL_RCC_ClockConfig
                0x0000000008003258      0x1cc ./Drivers/STM32F4xx_HAL_Driver/Src/stm32f4xx_hal_rcc.o
                0x0000000008003258                HAL_RCC_ClockConfig
 .text.HAL_RCC_GetSysClockFreq
                0x0000000008003424      0x20c ./Drivers/STM32F4xx_HAL_Driver/Src/stm32f4xx_hal_rcc.o
                0x0000000008003424                HAL_RCC_GetSysClockFreq
 .text.HAL_RCC_GetHCLKFreq
                0x0000000008003630       0x18 ./Drivers/STM32F4xx_HAL_Driver/Src/stm32f4xx_hal_rcc.o
                0x0000000008003630                HAL_RCC_GetHCLKFreq
 .text.HAL_RCC_GetPCLK1Freq
                0x0000000008003648       0x28 ./Drivers/STM32F4xx_HAL_Driver/Src/stm32f4xx_hal_rcc.o
                0x0000000008003648                HAL_RCC_GetPCLK1Freq
 .text.HAL_RCC_GetPCLK2Freq
                0x0000000008003670       0x28 ./Drivers/STM32F4xx_HAL_Driver/Src/stm32f4xx_hal_rcc.o
                0x0000000008003670                HAL_RCC_GetPCLK2Freq
 .text.HAL_UART_Init
                0x0000000008003698       0x9a ./Drivers/STM32F4xx_HAL_Driver/Src/stm32f4xx_hal_uart.o
                0x0000000008003698                HAL_UART_Init
 .text.HAL_UART_Transmit
                0x0000000008003732      0x124 ./Drivers/STM32F4xx_HAL_Driver/Src/stm32f4xx_hal_uart.o
                0x0000000008003732                HAL_UART_Transmit
 .text.HAL_UART_Receive
                0x0000000008003856      0x144 ./Drivers/STM32F4xx_HAL_Driver/Src/stm32f4xx_hal_uart.o
                0x0000000008003856                HAL_UART_Receive
 .text.UART_WaitOnFlagUntilTimeout
                0x000000000800399a       0xdc ./Drivers/STM32F4xx_HAL_Driver/Src/stm32f4xx_hal_uart.o
 *fill*         0x0000000008003a76        0x2 
 .text.UART_SetConfig
                0x0000000008003a78      0x4e8 ./Drivers/STM32F4xx_HAL_Driver/Src/stm32f4xx_hal_uart.o
 .text.USB_CoreInit
                0x0000000008003f60       0xc2 ./Drivers/STM32F4xx_HAL_Driver/Src/stm32f4xx_ll_usb.o
                0x0000000008003f60                USB_CoreInit
 .text.USB_DisableGlobalInt
                0x0000000008004022       0x22 ./Drivers/STM32F4xx_HAL_Driver/Src/stm32f4xx_ll_usb.o
                0x0000000008004022                USB_DisableGlobalInt
 .text.USB_SetCurrentMode
                0x0000000008004044       0x98 ./Drivers/STM32F4xx_HAL_Driver/Src/stm32f4xx_ll_usb.o
                0x0000000008004044                USB_SetCurrentMode
 .text.USB_DevInit
                0x00000000080040dc      0x2c8 ./Drivers/STM32F4xx_HAL_Driver/Src/stm32f4xx_ll_usb.o
                0x00000000080040dc                USB_DevInit
 .text.USB_FlushTxFifo
                0x00000000080043a4       0x68 ./Drivers/STM32F4xx_HAL_Driver/Src/stm32f4xx_ll_usb.o
                0x00000000080043a4                USB_FlushTxFifo
 .text.USB_FlushRxFifo
                0x000000000800440c       0x60 ./Drivers/STM32F4xx_HAL_Driver/Src/stm32f4xx_ll_usb.o
                0x000000000800440c                USB_FlushRxFifo
 .text.USB_SetDevSpeed
                0x000000000800446c       0x32 ./Drivers/STM32F4xx_HAL_Driver/Src/stm32f4xx_ll_usb.o
                0x000000000800446c                USB_SetDevSpeed
 .text.USB_DevDisconnect
                0x000000000800449e       0x42 ./Drivers/STM32F4xx_HAL_Driver/Src/stm32f4xx_ll_usb.o
                0x000000000800449e                USB_DevDisconnect
 .text.USB_GetMode
                0x00000000080044e0       0x1c ./Drivers/STM32F4xx_HAL_Driver/Src/stm32f4xx_ll_usb.o
                0x00000000080044e0                USB_GetMode
 .text.USB_CoreReset
                0x00000000080044fc       0x68 ./Drivers/STM32F4xx_HAL_Driver/Src/stm32f4xx_ll_usb.o
 .text.__libc_init_array
                0x0000000008004564       0x48 c:/st/stm32cubeide_1.10.1/stm32cubeide/plugins/com.st.stm32cube.ide.mcu.externaltools.gnu-tools-for-stm32.10.3-2021.10.win32_1.0.0.202111181127/tools/bin/../lib/gcc/arm-none-eabi/10.3.1/../../../../arm-none-eabi/lib/thumb/v7e-m+fp/hard\libc_nano.a(lib_a-init.o)
                0x0000000008004564                __libc_init_array
 .text.memset   0x00000000080045ac       0x10 c:/st/stm32cubeide_1.10.1/stm32cubeide/plugins/com.st.stm32cube.ide.mcu.externaltools.gnu-tools-for-stm32.10.3-2021.10.win32_1.0.0.202111181127/tools/bin/../lib/gcc/arm-none-eabi/10.3.1/../../../../arm-none-eabi/lib/thumb/v7e-m+fp/hard\libc_nano.a(lib_a-memset.o)
                0x00000000080045ac                memset
 *(.glue_7)
 .glue_7        0x00000000080045bc        0x0 linker stubs
 *(.glue_7t)
 .glue_7t       0x00000000080045bc        0x0 linker stubs
 *(.eh_frame)
 .eh_frame      0x00000000080045bc        0x0 c:/st/stm32cubeide_1.10.1/stm32cubeide/plugins/com.st.stm32cube.ide.mcu.externaltools.gnu-tools-for-stm32.10.3-2021.10.win32_1.0.0.202111181127/tools/bin/../lib/gcc/arm-none-eabi/10.3.1/thumb/v7e-m+fp/hard/crtbegin.o
 *(.init)
 .init          0x00000000080045bc        0x4 c:/st/stm32cubeide_1.10.1/stm32cubeide/plugins/com.st.stm32cube.ide.mcu.externaltools.gnu-tools-for-stm32.10.3-2021.10.win32_1.0.0.202111181127/tools/bin/../lib/gcc/arm-none-eabi/10.3.1/thumb/v7e-m+fp/hard/crti.o
                0x00000000080045bc                _init
 .init          0x00000000080045c0        0x8 c:/st/stm32cubeide_1.10.1/stm32cubeide/plugins/com.st.stm32cube.ide.mcu.externaltools.gnu-tools-for-stm32.10.3-2021.10.win32_1.0.0.202111181127/tools/bin/../lib/gcc/arm-none-eabi/10.3.1/thumb/v7e-m+fp/hard/crtn.o
 *(.fini)
 .fini          0x00000000080045c8        0x4 c:/st/stm32cubeide_1.10.1/stm32cubeide/plugins/com.st.stm32cube.ide.mcu.externaltools.gnu-tools-for-stm32.10.3-2021.10.win32_1.0.0.202111181127/tools/bin/../lib/gcc/arm-none-eabi/10.3.1/thumb/v7e-m+fp/hard/crti.o
                0x00000000080045c8                _fini
 .fini          0x00000000080045cc        0x8 c:/st/stm32cubeide_1.10.1/stm32cubeide/plugins/com.st.stm32cube.ide.mcu.externaltools.gnu-tools-for-stm32.10.3-2021.10.win32_1.0.0.202111181127/tools/bin/../lib/gcc/arm-none-eabi/10.3.1/thumb/v7e-m+fp/hard/crtn.o
                0x00000000080045d4                . = ALIGN (0x4)
                0x00000000080045d4                _etext = .

.vfp11_veneer   0x00000000080045d4        0x0
 .vfp11_veneer  0x00000000080045d4        0x0 linker stubs

.v4_bx          0x00000000080045d4        0x0
 .v4_bx         0x00000000080045d4        0x0 linker stubs

.iplt           0x00000000080045d4        0x0
 .iplt          0x00000000080045d4        0x0 c:/st/stm32cubeide_1.10.1/stm32cubeide/plugins/com.st.stm32cube.ide.mcu.externaltools.gnu-tools-for-stm32.10.3-2021.10.win32_1.0.0.202111181127/tools/bin/../lib/gcc/arm-none-eabi/10.3.1/thumb/v7e-m+fp/hard/crtbegin.o

.rodata         0x00000000080045d4       0x2c
                0x00000000080045d4                . = ALIGN (0x4)
 *(.rodata)
 .rodata        0x00000000080045d4        0xb ./Core/Src/SensorTemp.o
 *(.rodata*)
 *fill*         0x00000000080045df        0x1 
 .rodata.GPIO_PIN
                0x00000000080045e0        0x6 ./Core/Src/stm32f4xx_nucleo_144.o
                0x00000000080045e0                GPIO_PIN
 *fill*         0x00000000080045e6        0x2 
 .rodata.AHBPrescTable
                0x00000000080045e8       0x10 ./Core/Src/system_stm32f4xx.o
                0x00000000080045e8                AHBPrescTable
 .rodata.APBPrescTable
                0x00000000080045f8        0x8 ./Core/Src/system_stm32f4xx.o
                0x00000000080045f8                APBPrescTable
                0x0000000008004600                . = ALIGN (0x4)

.ARM.extab      0x0000000008004600        0x0
                0x0000000008004600                . = ALIGN (0x4)
 *(.ARM.extab* .gnu.linkonce.armextab.*)
                0x0000000008004600                . = ALIGN (0x4)

.ARM            0x0000000008004600        0x8
                0x0000000008004600                . = ALIGN (0x4)
                0x0000000008004600                __exidx_start = .
 *(.ARM.exidx*)
 .ARM.exidx     0x0000000008004600        0x8 c:/st/stm32cubeide_1.10.1/stm32cubeide/plugins/com.st.stm32cube.ide.mcu.externaltools.gnu-tools-for-stm32.10.3-2021.10.win32_1.0.0.202111181127/tools/bin/../lib/gcc/arm-none-eabi/10.3.1/thumb/v7e-m+fp/hard\libgcc.a(_udivmoddi4.o)
                0x0000000008004608                __exidx_end = .
                0x0000000008004608                . = ALIGN (0x4)

.rel.dyn        0x0000000008004608        0x0
 .rel.iplt      0x0000000008004608        0x0 c:/st/stm32cubeide_1.10.1/stm32cubeide/plugins/com.st.stm32cube.ide.mcu.externaltools.gnu-tools-for-stm32.10.3-2021.10.win32_1.0.0.202111181127/tools/bin/../lib/gcc/arm-none-eabi/10.3.1/thumb/v7e-m+fp/hard/crtbegin.o

.preinit_array  0x0000000008004608        0x0
                0x0000000008004608                . = ALIGN (0x4)
                0x0000000008004608                PROVIDE (__preinit_array_start = .)
 *(.preinit_array*)
                0x0000000008004608                PROVIDE (__preinit_array_end = .)
                0x0000000008004608                . = ALIGN (0x4)

.init_array     0x0000000008004608        0x4
                0x0000000008004608                . = ALIGN (0x4)
                0x0000000008004608                PROVIDE (__init_array_start = .)
 *(SORT_BY_NAME(.init_array.*))
 *(.init_array*)
 .init_array    0x0000000008004608        0x4 c:/st/stm32cubeide_1.10.1/stm32cubeide/plugins/com.st.stm32cube.ide.mcu.externaltools.gnu-tools-for-stm32.10.3-2021.10.win32_1.0.0.202111181127/tools/bin/../lib/gcc/arm-none-eabi/10.3.1/thumb/v7e-m+fp/hard/crtbegin.o
                0x000000000800460c                PROVIDE (__init_array_end = .)
                0x000000000800460c                . = ALIGN (0x4)

.fini_array     0x000000000800460c        0x4
                0x000000000800460c                . = ALIGN (0x4)
                [!provide]                        PROVIDE (__fini_array_start = .)
 *(SORT_BY_NAME(.fini_array.*))
 *(.fini_array*)
 .fini_array    0x000000000800460c        0x4 c:/st/stm32cubeide_1.10.1/stm32cubeide/plugins/com.st.stm32cube.ide.mcu.externaltools.gnu-tools-for-stm32.10.3-2021.10.win32_1.0.0.202111181127/tools/bin/../lib/gcc/arm-none-eabi/10.3.1/thumb/v7e-m+fp/hard/crtbegin.o
                [!provide]                        PROVIDE (__fini_array_end = .)
                0x0000000008004610                . = ALIGN (0x4)
                0x0000000008004610                _sidata = LOADADDR (.data)

.data           0x0000000020000000       0x20 load address 0x0000000008004610
                0x0000000020000000                . = ALIGN (0x4)
                0x0000000020000000                _sdata = .
 *(.data)
 *(.data*)
 .data.msg      0x0000000020000000        0x2 ./Core/Src/SensorTemp.o
                0x0000000020000000                msg
 *fill*         0x0000000020000002        0x2 
 .data.GPIO_PORT
                0x0000000020000004        0xc ./Core/Src/stm32f4xx_nucleo_144.o
                0x0000000020000004                GPIO_PORT
 .data.BUTTON_PORT
                0x0000000020000010        0x4 ./Core/Src/stm32f4xx_nucleo_144.o
                0x0000000020000010                BUTTON_PORT
 .data.SystemCoreClock
                0x0000000020000014        0x4 ./Core/Src/system_stm32f4xx.o
                0x0000000020000014                SystemCoreClock
 .data.uwTickPrio
                0x0000000020000018        0x4 ./Drivers/STM32F4xx_HAL_Driver/Src/stm32f4xx_hal.o
                0x0000000020000018                uwTickPrio
 .data.uwTickFreq
                0x000000002000001c        0x1 ./Drivers/STM32F4xx_HAL_Driver/Src/stm32f4xx_hal.o
                0x000000002000001c                uwTickFreq
 *(.RamFunc)
 *(.RamFunc*)
                0x0000000020000020                . = ALIGN (0x4)
 *fill*         0x000000002000001d        0x3 
                0x0000000020000020                _edata = .
                0x0000000008004630                _siccmram = LOADADDR (.ccmram)

.igot.plt       0x0000000020000020        0x0 load address 0x0000000008004630
 .igot.plt      0x0000000020000020        0x0 c:/st/stm32cubeide_1.10.1/stm32cubeide/plugins/com.st.stm32cube.ide.mcu.externaltools.gnu-tools-for-stm32.10.3-2021.10.win32_1.0.0.202111181127/tools/bin/../lib/gcc/arm-none-eabi/10.3.1/thumb/v7e-m+fp/hard/crtbegin.o

.ccmram         0x0000000010000000        0x0 load address 0x0000000008004630
                0x0000000010000000                . = ALIGN (0x4)
                0x0000000010000000                _sccmram = .
 *(.ccmram)
 *(.ccmram*)
                0x0000000010000000                . = ALIGN (0x4)
                0x0000000010000000                _eccmram = .
                0x0000000010000000                . = ALIGN (0x4)

.bss            0x0000000020000020      0x860
                0x0000000020000020                _sbss = .
                0x0000000020000020                __bss_start__ = _sbss
 *(.bss)
 .bss           0x0000000020000020       0x1c c:/st/stm32cubeide_1.10.1/stm32cubeide/plugins/com.st.stm32cube.ide.mcu.externaltools.gnu-tools-for-stm32.10.3-2021.10.win32_1.0.0.202111181127/tools/bin/../lib/gcc/arm-none-eabi/10.3.1/thumb/v7e-m+fp/hard/crtbegin.o
 *(.bss*)
 .bss.curr_state
                0x000000002000003c        0x1 ./Core/Src/API_Control_Estados.o
 *fill*         0x000000002000003d        0x3 
 .bss.Timer_Temp
                0x0000000020000040        0xc ./Core/Src/API_Control_Estados.o
                0x0000000020000040                Timer_Temp
 .bss.Timer_Alarma
                0x000000002000004c        0xc ./Core/Src/API_Control_Estados.o
                0x000000002000004c                Timer_Alarma
 .bss.Estado    0x0000000020000058        0x1 ./Core/Src/API_Control_Estados.o
                0x0000000020000058                Estado
 *fill*         0x0000000020000059        0x1 
 .bss.Temp      0x000000002000005a        0x2 ./Core/Src/API_Control_Estados.o
                0x000000002000005a                Temp
 .bss.flagButton
                0x000000002000005c        0x1 ./Core/Src/API_Control_Estados.o
                0x000000002000005c                flagButton
 *fill*         0x000000002000005d        0x3 
 .bss.bounce_delay
                0x0000000020000060        0xc ./Core/Src/API_debounce.o
 .bss.curr_state
                0x000000002000006c        0x1 ./Core/Src/API_debounce.o
 .bss.pending_pressed
                0x000000002000006d        0x1 ./Core/Src/API_debounce.o
 *fill*         0x000000002000006e        0x2 
 .bss.UartHandle
                0x0000000020000070       0x44 ./Core/Src/API_uart.o
                0x0000000020000070                UartHandle
 .bss.TxConfig  0x00000000200000b4       0x38 ./Core/Src/main.o
                0x00000000200000b4                TxConfig
 .bss.DMARxDscrTab
                0x00000000200000ec       0xa0 ./Core/Src/main.o
                0x00000000200000ec                DMARxDscrTab
 .bss.DMATxDscrTab
                0x000000002000018c       0xa0 ./Core/Src/main.o
                0x000000002000018c                DMATxDscrTab
 .bss.hadc1     0x000000002000022c       0x48 ./Core/Src/main.o
                0x000000002000022c                hadc1
 .bss.heth      0x0000000020000274       0xb0 ./Core/Src/main.o
                0x0000000020000274                heth
 .bss.huart3    0x0000000020000324       0x44 ./Core/Src/main.o
                0x0000000020000324                huart3
 .bss.hpcd_USB_OTG_FS
                0x0000000020000368      0x50c ./Core/Src/main.o
                0x0000000020000368                hpcd_USB_OTG_FS
 .bss.MACAddr.0
                0x0000000020000874        0x6 ./Core/Src/main.o
 *fill*         0x000000002000087a        0x2 
 .bss.uwTick    0x000000002000087c        0x4 ./Drivers/STM32F4xx_HAL_Driver/Src/stm32f4xx_hal.o
                0x000000002000087c                uwTick
 *(COMMON)
                0x0000000020000880                . = ALIGN (0x4)
                0x0000000020000880                _ebss = .
                0x0000000020000880                __bss_end__ = _ebss

._user_heap_stack
                0x0000000020000880      0x600
                0x0000000020000880                . = ALIGN (0x8)
                [!provide]                        PROVIDE (end = .)
                0x0000000020000880                PROVIDE (_end = .)
                0x0000000020000a80                . = (. + _Min_Heap_Size)
 *fill*         0x0000000020000880      0x200 
                0x0000000020000e80                . = (. + _Min_Stack_Size)
 *fill*         0x0000000020000a80      0x400 
                0x0000000020000e80                . = ALIGN (0x8)

/DISCARD/
 libc.a(*)
 libm.a(*)
 libgcc.a(*)

.ARM.attributes
                0x0000000000000000       0x30
 *(.ARM.attributes)
 .ARM.attributes
                0x0000000000000000       0x1e c:/st/stm32cubeide_1.10.1/stm32cubeide/plugins/com.st.stm32cube.ide.mcu.externaltools.gnu-tools-for-stm32.10.3-2021.10.win32_1.0.0.202111181127/tools/bin/../lib/gcc/arm-none-eabi/10.3.1/thumb/v7e-m+fp/hard/crti.o
 .ARM.attributes
                0x000000000000001e       0x34 c:/st/stm32cubeide_1.10.1/stm32cubeide/plugins/com.st.stm32cube.ide.mcu.externaltools.gnu-tools-for-stm32.10.3-2021.10.win32_1.0.0.202111181127/tools/bin/../lib/gcc/arm-none-eabi/10.3.1/thumb/v7e-m+fp/hard/crtbegin.o
 .ARM.attributes
                0x0000000000000052       0x34 ./Core/Src/API_Control_Estados.o
 .ARM.attributes
                0x0000000000000086       0x34 ./Core/Src/API_debounce.o
 .ARM.attributes
                0x00000000000000ba       0x34 ./Core/Src/API_delay.o
 .ARM.attributes
                0x00000000000000ee       0x34 ./Core/Src/API_uart.o
 .ARM.attributes
                0x0000000000000122       0x34 ./Core/Src/SensorTemp.o
 .ARM.attributes
                0x0000000000000156       0x34 ./Core/Src/main.o
 .ARM.attributes
                0x000000000000018a       0x34 ./Core/Src/stm32f4xx_hal_msp.o
 .ARM.attributes
                0x00000000000001be       0x34 ./Core/Src/stm32f4xx_it.o
 .ARM.attributes
                0x00000000000001f2       0x34 ./Core/Src/stm32f4xx_nucleo_144.o
 .ARM.attributes
                0x0000000000000226       0x34 ./Core/Src/system_stm32f4xx.o
 .ARM.attributes
                0x000000000000025a       0x21 ./Core/Startup/startup_stm32f429zitx.o
 .ARM.attributes
                0x000000000000027b       0x34 ./Drivers/STM32F4xx_HAL_Driver/Src/stm32f4xx_hal.o
 .ARM.attributes
                0x00000000000002af       0x34 ./Drivers/STM32F4xx_HAL_Driver/Src/stm32f4xx_hal_adc.o
 .ARM.attributes
                0x00000000000002e3       0x34 ./Drivers/STM32F4xx_HAL_Driver/Src/stm32f4xx_hal_cortex.o
 .ARM.attributes
                0x0000000000000317       0x34 ./Drivers/STM32F4xx_HAL_Driver/Src/stm32f4xx_hal_eth.o
 .ARM.attributes
                0x000000000000034b       0x34 ./Drivers/STM32F4xx_HAL_Driver/Src/stm32f4xx_hal_gpio.o
 .ARM.attributes
                0x000000000000037f       0x34 ./Drivers/STM32F4xx_HAL_Driver/Src/stm32f4xx_hal_pcd.o
 .ARM.attributes
                0x00000000000003b3       0x34 ./Drivers/STM32F4xx_HAL_Driver/Src/stm32f4xx_hal_rcc.o
 .ARM.attributes
                0x00000000000003e7       0x34 ./Drivers/STM32F4xx_HAL_Driver/Src/stm32f4xx_hal_uart.o
 .ARM.attributes
                0x000000000000041b       0x34 ./Drivers/STM32F4xx_HAL_Driver/Src/stm32f4xx_ll_usb.o
 .ARM.attributes
                0x000000000000044f       0x34 c:/st/stm32cubeide_1.10.1/stm32cubeide/plugins/com.st.stm32cube.ide.mcu.externaltools.gnu-tools-for-stm32.10.3-2021.10.win32_1.0.0.202111181127/tools/bin/../lib/gcc/arm-none-eabi/10.3.1/../../../../arm-none-eabi/lib/thumb/v7e-m+fp/hard\libc_nano.a(lib_a-init.o)
 .ARM.attributes
                0x0000000000000483       0x34 c:/st/stm32cubeide_1.10.1/stm32cubeide/plugins/com.st.stm32cube.ide.mcu.externaltools.gnu-tools-for-stm32.10.3-2021.10.win32_1.0.0.202111181127/tools/bin/../lib/gcc/arm-none-eabi/10.3.1/../../../../arm-none-eabi/lib/thumb/v7e-m+fp/hard\libc_nano.a(lib_a-memset.o)
 .ARM.attributes
                0x00000000000004b7       0x1e c:/st/stm32cubeide_1.10.1/stm32cubeide/plugins/com.st.stm32cube.ide.mcu.externaltools.gnu-tools-for-stm32.10.3-2021.10.win32_1.0.0.202111181127/tools/bin/../lib/gcc/arm-none-eabi/10.3.1/thumb/v7e-m+fp/hard\libgcc.a(_aeabi_uldivmod.o)
 .ARM.attributes
                0x00000000000004d5       0x34 c:/st/stm32cubeide_1.10.1/stm32cubeide/plugins/com.st.stm32cube.ide.mcu.externaltools.gnu-tools-for-stm32.10.3-2021.10.win32_1.0.0.202111181127/tools/bin/../lib/gcc/arm-none-eabi/10.3.1/thumb/v7e-m+fp/hard\libgcc.a(_udivmoddi4.o)
 .ARM.attributes
                0x0000000000000509       0x1e c:/st/stm32cubeide_1.10.1/stm32cubeide/plugins/com.st.stm32cube.ide.mcu.externaltools.gnu-tools-for-stm32.10.3-2021.10.win32_1.0.0.202111181127/tools/bin/../lib/gcc/arm-none-eabi/10.3.1/thumb/v7e-m+fp/hard\libgcc.a(_dvmd_tls.o)
 .ARM.attributes
                0x0000000000000527       0x1e c:/st/stm32cubeide_1.10.1/stm32cubeide/plugins/com.st.stm32cube.ide.mcu.externaltools.gnu-tools-for-stm32.10.3-2021.10.win32_1.0.0.202111181127/tools/bin/../lib/gcc/arm-none-eabi/10.3.1/thumb/v7e-m+fp/hard/crtn.o
OUTPUT(Test.elf elf32-littlearm)
LOAD linker stubs
LOAD c:/st/stm32cubeide_1.10.1/stm32cubeide/plugins/com.st.stm32cube.ide.mcu.externaltools.gnu-tools-for-stm32.10.3-2021.10.win32_1.0.0.202111181127/tools/bin/../lib/gcc/arm-none-eabi/10.3.1/../../../../arm-none-eabi/lib/thumb/v7e-m+fp/hard\libc.a
LOAD c:/st/stm32cubeide_1.10.1/stm32cubeide/plugins/com.st.stm32cube.ide.mcu.externaltools.gnu-tools-for-stm32.10.3-2021.10.win32_1.0.0.202111181127/tools/bin/../lib/gcc/arm-none-eabi/10.3.1/../../../../arm-none-eabi/lib/thumb/v7e-m+fp/hard\libm.a
LOAD c:/st/stm32cubeide_1.10.1/stm32cubeide/plugins/com.st.stm32cube.ide.mcu.externaltools.gnu-tools-for-stm32.10.3-2021.10.win32_1.0.0.202111181127/tools/bin/../lib/gcc/arm-none-eabi/10.3.1/thumb/v7e-m+fp/hard\libgcc.a

.debug_info     0x0000000000000000    0x120ba
 .debug_info    0x0000000000000000      0x3eb ./Core/Src/API_Control_Estados.o
 .debug_info    0x00000000000003eb      0x29c ./Core/Src/API_debounce.o
 .debug_info    0x0000000000000687      0x1c0 ./Core/Src/API_delay.o
 .debug_info    0x0000000000000847      0x701 ./Core/Src/API_uart.o
 .debug_info    0x0000000000000f48      0x208 ./Core/Src/SensorTemp.o
 .debug_info    0x0000000000001150     0x1fb9 ./Core/Src/main.o
 .debug_info    0x0000000000003109     0x1b44 ./Core/Src/stm32f4xx_hal_msp.o
 .debug_info    0x0000000000004c4d      0x121 ./Core/Src/stm32f4xx_it.o
 .debug_info    0x0000000000004d6e     0x120b ./Core/Src/stm32f4xx_nucleo_144.o
 .debug_info    0x0000000000005f79      0x53f ./Core/Src/system_stm32f4xx.o
 .debug_info    0x00000000000064b8       0x22 ./Core/Startup/startup_stm32f429zitx.o
 .debug_info    0x00000000000064da      0x9f4 ./Drivers/STM32F4xx_HAL_Driver/Src/stm32f4xx_hal.o
 .debug_info    0x0000000000006ece      0xd70 ./Drivers/STM32F4xx_HAL_Driver/Src/stm32f4xx_hal_adc.o
 .debug_info    0x0000000000007c3e      0xe51 ./Drivers/STM32F4xx_HAL_Driver/Src/stm32f4xx_hal_cortex.o
 .debug_info    0x0000000000008a8f     0x223b ./Drivers/STM32F4xx_HAL_Driver/Src/stm32f4xx_hal_eth.o
 .debug_info    0x000000000000acca      0x786 ./Drivers/STM32F4xx_HAL_Driver/Src/stm32f4xx_hal_gpio.o
 .debug_info    0x000000000000b450     0x1695 ./Drivers/STM32F4xx_HAL_Driver/Src/stm32f4xx_hal_pcd.o
 .debug_info    0x000000000000cae5      0x982 ./Drivers/STM32F4xx_HAL_Driver/Src/stm32f4xx_hal_rcc.o
 .debug_info    0x000000000000d467     0x31bc ./Drivers/STM32F4xx_HAL_Driver/Src/stm32f4xx_hal_uart.o
 .debug_info    0x0000000000010623     0x1a97 ./Drivers/STM32F4xx_HAL_Driver/Src/stm32f4xx_ll_usb.o

.debug_abbrev   0x0000000000000000     0x2757
 .debug_abbrev  0x0000000000000000      0x18e ./Core/Src/API_Control_Estados.o
 .debug_abbrev  0x000000000000018e      0x141 ./Core/Src/API_debounce.o
 .debug_abbrev  0x00000000000002cf      0x10b ./Core/Src/API_delay.o
 .debug_abbrev  0x00000000000003da      0x197 ./Core/Src/API_uart.o
 .debug_abbrev  0x0000000000000571      0x159 ./Core/Src/SensorTemp.o
 .debug_abbrev  0x00000000000006ca      0x311 ./Core/Src/main.o
 .debug_abbrev  0x00000000000009db      0x23e ./Core/Src/stm32f4xx_hal_msp.o
 .debug_abbrev  0x0000000000000c19       0x74 ./Core/Src/stm32f4xx_it.o
 .debug_abbrev  0x0000000000000c8d      0x2b5 ./Core/Src/stm32f4xx_nucleo_144.o
 .debug_abbrev  0x0000000000000f42      0x116 ./Core/Src/system_stm32f4xx.o
 .debug_abbrev  0x0000000000001058       0x12 ./Core/Startup/startup_stm32f429zitx.o
 .debug_abbrev  0x000000000000106a      0x20d ./Drivers/STM32F4xx_HAL_Driver/Src/stm32f4xx_hal.o
 .debug_abbrev  0x0000000000001277      0x244 ./Drivers/STM32F4xx_HAL_Driver/Src/stm32f4xx_hal_adc.o
 .debug_abbrev  0x00000000000014bb      0x316 ./Drivers/STM32F4xx_HAL_Driver/Src/stm32f4xx_hal_cortex.o
 .debug_abbrev  0x00000000000017d1      0x2d3 ./Drivers/STM32F4xx_HAL_Driver/Src/stm32f4xx_hal_eth.o
 .debug_abbrev  0x0000000000001aa4      0x1c4 ./Drivers/STM32F4xx_HAL_Driver/Src/stm32f4xx_hal_gpio.o
 .debug_abbrev  0x0000000000001c68      0x2bb ./Drivers/STM32F4xx_HAL_Driver/Src/stm32f4xx_hal_pcd.o
 .debug_abbrev  0x0000000000001f23      0x2aa ./Drivers/STM32F4xx_HAL_Driver/Src/stm32f4xx_hal_rcc.o
 .debug_abbrev  0x00000000000021cd      0x2f4 ./Drivers/STM32F4xx_HAL_Driver/Src/stm32f4xx_hal_uart.o
 .debug_abbrev  0x00000000000024c1      0x296 ./Drivers/STM32F4xx_HAL_Driver/Src/stm32f4xx_ll_usb.o

.debug_aranges  0x0000000000000000      0xdd8
 .debug_aranges
                0x0000000000000000       0x58 ./Core/Src/API_Control_Estados.o
 .debug_aranges
                0x0000000000000058       0x40 ./Core/Src/API_debounce.o
 .debug_aranges
                0x0000000000000098       0x30 ./Core/Src/API_delay.o
 .debug_aranges
                0x00000000000000c8       0x38 ./Core/Src/API_uart.o
 .debug_aranges
                0x0000000000000100       0x30 ./Core/Src/SensorTemp.o
 .debug_aranges
                0x0000000000000130       0x58 ./Core/Src/main.o
 .debug_aranges
                0x0000000000000188       0x60 ./Core/Src/stm32f4xx_hal_msp.o
 .debug_aranges
                0x00000000000001e8       0x60 ./Core/Src/stm32f4xx_it.o
 .debug_aranges
                0x0000000000000248       0x98 ./Core/Src/stm32f4xx_nucleo_144.o
 .debug_aranges
                0x00000000000002e0       0x28 ./Core/Src/system_stm32f4xx.o
 .debug_aranges
                0x0000000000000308       0x28 ./Core/Startup/startup_stm32f429zitx.o
 .debug_aranges
                0x0000000000000330      0x100 ./Drivers/STM32F4xx_HAL_Driver/Src/stm32f4xx_hal.o
 .debug_aranges
                0x0000000000000430       0xe8 ./Drivers/STM32F4xx_HAL_Driver/Src/stm32f4xx_hal_adc.o
 .debug_aranges
                0x0000000000000518      0x118 ./Drivers/STM32F4xx_HAL_Driver/Src/stm32f4xx_hal_cortex.o
 .debug_aranges
                0x0000000000000630      0x1e0 ./Drivers/STM32F4xx_HAL_Driver/Src/stm32f4xx_hal_eth.o
 .debug_aranges
                0x0000000000000810       0x58 ./Drivers/STM32F4xx_HAL_Driver/Src/stm32f4xx_hal_gpio.o
 .debug_aranges
                0x0000000000000868      0x148 ./Drivers/STM32F4xx_HAL_Driver/Src/stm32f4xx_hal_pcd.o
 .debug_aranges
                0x00000000000009b0       0x88 ./Drivers/STM32F4xx_HAL_Driver/Src/stm32f4xx_hal_rcc.o
 .debug_aranges
                0x0000000000000a38      0x200 ./Drivers/STM32F4xx_HAL_Driver/Src/stm32f4xx_hal_uart.o
 .debug_aranges
                0x0000000000000c38      0x1a0 ./Drivers/STM32F4xx_HAL_Driver/Src/stm32f4xx_ll_usb.o

.debug_ranges   0x0000000000000000      0xcd0
 .debug_ranges  0x0000000000000000       0x48 ./Core/Src/API_Control_Estados.o
 .debug_ranges  0x0000000000000048       0x30 ./Core/Src/API_debounce.o
 .debug_ranges  0x0000000000000078       0x20 ./Core/Src/API_delay.o
 .debug_ranges  0x0000000000000098       0x28 ./Core/Src/API_uart.o
 .debug_ranges  0x00000000000000c0       0x20 ./Core/Src/SensorTemp.o
 .debug_ranges  0x00000000000000e0       0x48 ./Core/Src/main.o
 .debug_ranges  0x0000000000000128       0x50 ./Core/Src/stm32f4xx_hal_msp.o
 .debug_ranges  0x0000000000000178       0x50 ./Core/Src/stm32f4xx_it.o
 .debug_ranges  0x00000000000001c8       0x88 ./Core/Src/stm32f4xx_nucleo_144.o
 .debug_ranges  0x0000000000000250       0x18 ./Core/Src/system_stm32f4xx.o
 .debug_ranges  0x0000000000000268       0x20 ./Core/Startup/startup_stm32f429zitx.o
 .debug_ranges  0x0000000000000288       0xf0 ./Drivers/STM32F4xx_HAL_Driver/Src/stm32f4xx_hal.o
 .debug_ranges  0x0000000000000378       0xd8 ./Drivers/STM32F4xx_HAL_Driver/Src/stm32f4xx_hal_adc.o
 .debug_ranges  0x0000000000000450      0x108 ./Drivers/STM32F4xx_HAL_Driver/Src/stm32f4xx_hal_cortex.o
 .debug_ranges  0x0000000000000558      0x1d0 ./Drivers/STM32F4xx_HAL_Driver/Src/stm32f4xx_hal_eth.o
 .debug_ranges  0x0000000000000728       0x48 ./Drivers/STM32F4xx_HAL_Driver/Src/stm32f4xx_hal_gpio.o
 .debug_ranges  0x0000000000000770      0x138 ./Drivers/STM32F4xx_HAL_Driver/Src/stm32f4xx_hal_pcd.o
 .debug_ranges  0x00000000000008a8       0x78 ./Drivers/STM32F4xx_HAL_Driver/Src/stm32f4xx_hal_rcc.o
 .debug_ranges  0x0000000000000920      0x220 ./Drivers/STM32F4xx_HAL_Driver/Src/stm32f4xx_hal_uart.o
 .debug_ranges  0x0000000000000b40      0x190 ./Drivers/STM32F4xx_HAL_Driver/Src/stm32f4xx_ll_usb.o

.debug_macro    0x0000000000000000    0x26289
 .debug_macro   0x0000000000000000      0x28c ./Core/Src/API_Control_Estados.o
 .debug_macro   0x000000000000028c      0xa78 ./Core/Src/API_Control_Estados.o
 .debug_macro   0x0000000000000d04       0x22 ./Core/Src/API_Control_Estados.o
 .debug_macro   0x0000000000000d26       0x8e ./Core/Src/API_Control_Estados.o
 .debug_macro   0x0000000000000db4       0x51 ./Core/Src/API_Control_Estados.o
 .debug_macro   0x0000000000000e05      0x103 ./Core/Src/API_Control_Estados.o
 .debug_macro   0x0000000000000f08       0x6a ./Core/Src/API_Control_Estados.o
 .debug_macro   0x0000000000000f72      0x1df ./Core/Src/API_Control_Estados.o
 .debug_macro   0x0000000000001151       0x22 ./Core/Src/API_Control_Estados.o
 .debug_macro   0x0000000000001173      0x2b5 ./Core/Src/API_Control_Estados.o
 .debug_macro   0x0000000000001428       0x2e ./Core/Src/API_Control_Estados.o
 .debug_macro   0x0000000000001456       0x28 ./Core/Src/API_Control_Estados.o
 .debug_macro   0x000000000000147e       0x1c ./Core/Src/API_Control_Estados.o
 .debug_macro   0x000000000000149a       0x22 ./Core/Src/API_Control_Estados.o
 .debug_macro   0x00000000000014bc       0xd9 ./Core/Src/API_Control_Estados.o
 .debug_macro   0x0000000000001595     0x102d ./Core/Src/API_Control_Estados.o
 .debug_macro   0x00000000000025c2      0x11f ./Core/Src/API_Control_Estados.o
 .debug_macro   0x00000000000026e1    0x17fc0 ./Core/Src/API_Control_Estados.o
 .debug_macro   0x000000000001a6a1       0x6d ./Core/Src/API_Control_Estados.o
 .debug_macro   0x000000000001a70e     0x36f5 ./Core/Src/API_Control_Estados.o
 .debug_macro   0x000000000001de03      0x174 ./Core/Src/API_Control_Estados.o
 .debug_macro   0x000000000001df77       0x5c ./Core/Src/API_Control_Estados.o
 .debug_macro   0x000000000001dfd3      0xca5 ./Core/Src/API_Control_Estados.o
 .debug_macro   0x000000000001ec78      0x9fe ./Core/Src/API_Control_Estados.o
 .debug_macro   0x000000000001f676      0x115 ./Core/Src/API_Control_Estados.o
 .debug_macro   0x000000000001f78b      0x156 ./Core/Src/API_Control_Estados.o
 .debug_macro   0x000000000001f8e1       0xa5 ./Core/Src/API_Control_Estados.o
 .debug_macro   0x000000000001f986      0x182 ./Core/Src/API_Control_Estados.o
 .debug_macro   0x000000000001fb08      0x287 ./Core/Src/API_Control_Estados.o
 .debug_macro   0x000000000001fd8f       0x5f ./Core/Src/API_Control_Estados.o
 .debug_macro   0x000000000001fdee      0x236 ./Core/Src/API_Control_Estados.o
 .debug_macro   0x0000000000020024      0xb54 ./Core/Src/API_Control_Estados.o
 .debug_macro   0x0000000000020b78      0x38b ./Core/Src/API_Control_Estados.o
 .debug_macro   0x0000000000020f03      0x184 ./Core/Src/API_Control_Estados.o
 .debug_macro   0x0000000000021087       0xf9 ./Core/Src/API_Control_Estados.o
 .debug_macro   0x0000000000021180      0xd44 ./Core/Src/API_Control_Estados.o
 .debug_macro   0x0000000000021ec4      0x132 ./Core/Src/API_Control_Estados.o
 .debug_macro   0x0000000000021ff6      0x41d ./Core/Src/API_Control_Estados.o
 .debug_macro   0x0000000000022413       0x2e ./Core/Src/API_Control_Estados.o
 .debug_macro   0x0000000000022441      0x11a ./Core/Src/API_Control_Estados.o
 .debug_macro   0x000000000002255b       0xe2 ./Core/Src/API_Control_Estados.o
 .debug_macro   0x000000000002263d       0x89 ./Core/Src/API_Control_Estados.o
 .debug_macro   0x00000000000226c6      0x295 ./Core/Src/API_Control_Estados.o
 .debug_macro   0x000000000002295b      0x248 ./Core/Src/API_Control_Estados.o
 .debug_macro   0x0000000000022ba3       0xba ./Core/Src/API_Control_Estados.o
 .debug_macro   0x0000000000022c5d      0x134 ./Core/Src/API_Control_Estados.o
 .debug_macro   0x0000000000022d91      0x146 ./Core/Src/API_Control_Estados.o
 .debug_macro   0x0000000000022ed7      0x248 ./Core/Src/API_debounce.o
 .debug_macro   0x000000000002311f       0x7c ./Core/Src/API_delay.o
 .debug_macro   0x000000000002319b      0x27d ./Core/Src/API_uart.o
 .debug_macro   0x0000000000023418      0x2f9 ./Core/Src/SensorTemp.o
 .debug_macro   0x0000000000023711       0x1e ./Core/Src/SensorTemp.o
 .debug_macro   0x000000000002372f       0x52 ./Core/Src/SensorTemp.o
 .debug_macro   0x0000000000023781       0x3c ./Core/Src/SensorTemp.o
 .debug_macro   0x00000000000237bd       0x34 ./Core/Src/SensorTemp.o
 .debug_macro   0x00000000000237f1       0x16 ./Core/Src/SensorTemp.o
 .debug_macro   0x0000000000023807      0x10e ./Core/Src/SensorTemp.o
 .debug_macro   0x0000000000023915       0x8d ./Core/Src/SensorTemp.o
 .debug_macro   0x00000000000239a2       0x16 ./Core/Src/SensorTemp.o
 .debug_macro   0x00000000000239b8       0x43 ./Core/Src/SensorTemp.o
 .debug_macro   0x00000000000239fb       0x34 ./Core/Src/SensorTemp.o
 .debug_macro   0x0000000000023a2f       0x10 ./Core/Src/SensorTemp.o
 .debug_macro   0x0000000000023a3f       0x58 ./Core/Src/SensorTemp.o
 .debug_macro   0x0000000000023a97       0x71 ./Core/Src/SensorTemp.o
 .debug_macro   0x0000000000023b08       0x1c ./Core/Src/SensorTemp.o
 .debug_macro   0x0000000000023b24      0x12a ./Core/Src/SensorTemp.o
 .debug_macro   0x0000000000023c4e      0x341 ./Core/Src/SensorTemp.o
 .debug_macro   0x0000000000023f8f       0x16 ./Core/Src/SensorTemp.o
 .debug_macro   0x0000000000023fa5       0x29 ./Core/Src/SensorTemp.o
 .debug_macro   0x0000000000023fce       0x56 ./Core/Src/SensorTemp.o
 .debug_macro   0x0000000000024024      0x2ed ./Core/Src/main.o
 .debug_macro   0x0000000000024311      0x130 ./Core/Src/main.o
 .debug_macro   0x0000000000024441       0x10 ./Core/Src/main.o
 .debug_macro   0x0000000000024451       0x35 ./Core/Src/main.o
 .debug_macro   0x0000000000024486       0x20 ./Core/Src/main.o
 .debug_macro   0x00000000000244a6      0x21f ./Core/Src/stm32f4xx_hal_msp.o
 .debug_macro   0x00000000000246c5      0x229 ./Core/Src/stm32f4xx_it.o
 .debug_macro   0x00000000000248ee      0x249 ./Core/Src/stm32f4xx_nucleo_144.o
 .debug_macro   0x0000000000024b37      0x140 ./Core/Src/stm32f4xx_nucleo_144.o
 .debug_macro   0x0000000000024c77      0x210 ./Core/Src/system_stm32f4xx.o
 .debug_macro   0x0000000000024e87      0x270 ./Drivers/STM32F4xx_HAL_Driver/Src/stm32f4xx_hal.o
 .debug_macro   0x00000000000250f7      0x211 ./Drivers/STM32F4xx_HAL_Driver/Src/stm32f4xx_hal_adc.o
 .debug_macro   0x0000000000025308      0x210 ./Drivers/STM32F4xx_HAL_Driver/Src/stm32f4xx_hal_cortex.o
 .debug_macro   0x0000000000025518      0x2ea ./Drivers/STM32F4xx_HAL_Driver/Src/stm32f4xx_hal_eth.o
 .debug_macro   0x0000000000025802      0x216 ./Drivers/STM32F4xx_HAL_Driver/Src/stm32f4xx_hal_gpio.o
 .debug_macro   0x0000000000025a18      0x21c ./Drivers/STM32F4xx_HAL_Driver/Src/stm32f4xx_hal_pcd.o
 .debug_macro   0x0000000000025c34      0x234 ./Drivers/STM32F4xx_HAL_Driver/Src/stm32f4xx_hal_rcc.o
 .debug_macro   0x0000000000025e68      0x211 ./Drivers/STM32F4xx_HAL_Driver/Src/stm32f4xx_hal_uart.o
 .debug_macro   0x0000000000026079      0x210 ./Drivers/STM32F4xx_HAL_Driver/Src/stm32f4xx_ll_usb.o

.debug_line     0x0000000000000000    0x109ea
 .debug_line    0x0000000000000000      0x8cb ./Core/Src/API_Control_Estados.o
 .debug_line    0x00000000000008cb      0x839 ./Core/Src/API_debounce.o
 .debug_line    0x0000000000001104      0x441 ./Core/Src/API_delay.o
 .debug_line    0x0000000000001545      0x7b0 ./Core/Src/API_uart.o
 .debug_line    0x0000000000001cf5      0x92c ./Core/Src/SensorTemp.o
 .debug_line    0x0000000000002621      0xa9c ./Core/Src/main.o
 .debug_line    0x00000000000030bd      0x8a6 ./Core/Src/stm32f4xx_hal_msp.o
 .debug_line    0x0000000000003963      0x7f2 ./Core/Src/stm32f4xx_it.o
 .debug_line    0x0000000000004155      0x99e ./Core/Src/stm32f4xx_nucleo_144.o
 .debug_line    0x0000000000004af3      0x7b1 ./Core/Src/system_stm32f4xx.o
 .debug_line    0x00000000000052a4       0x88 ./Core/Startup/startup_stm32f429zitx.o
 .debug_line    0x000000000000532c      0xa4d ./Drivers/STM32F4xx_HAL_Driver/Src/stm32f4xx_hal.o
 .debug_line    0x0000000000005d79     0x1293 ./Drivers/STM32F4xx_HAL_Driver/Src/stm32f4xx_hal_adc.o
 .debug_line    0x000000000000700c      0xcc6 ./Drivers/STM32F4xx_HAL_Driver/Src/stm32f4xx_hal_cortex.o
 .debug_line    0x0000000000007cd2     0x1988 ./Drivers/STM32F4xx_HAL_Driver/Src/stm32f4xx_hal_eth.o
 .debug_line    0x000000000000965a      0xbb3 ./Drivers/STM32F4xx_HAL_Driver/Src/stm32f4xx_hal_gpio.o
 .debug_line    0x000000000000a20d     0x14ba ./Drivers/STM32F4xx_HAL_Driver/Src/stm32f4xx_hal_pcd.o
 .debug_line    0x000000000000b6c7      0xd93 ./Drivers/STM32F4xx_HAL_Driver/Src/stm32f4xx_hal_rcc.o
 .debug_line    0x000000000000c45a     0x2abc ./Drivers/STM32F4xx_HAL_Driver/Src/stm32f4xx_hal_uart.o
 .debug_line    0x000000000000ef16     0x1ad4 ./Drivers/STM32F4xx_HAL_Driver/Src/stm32f4xx_ll_usb.o

.debug_str      0x0000000000000000    0xe6fe5
 .debug_str     0x0000000000000000    0xde716 ./Core/Src/API_Control_Estados.o
                                      0xde9b6 (size before relaxing)
 .debug_str     0x00000000000de716       0xcc ./Core/Src/API_debounce.o
                                      0xde7a3 (size before relaxing)
 .debug_str     0x00000000000de7e2       0x44 ./Core/Src/API_delay.o
                                       0x3d2c (size before relaxing)
 .debug_str     0x00000000000de826      0x6d0 ./Core/Src/API_uart.o
                                      0xde4be (size before relaxing)
 .debug_str     0x00000000000deef6     0x2ed2 ./Core/Src/SensorTemp.o
                                      0xe0d38 (size before relaxing)
 .debug_str     0x00000000000e1dc8     0x1413 ./Core/Src/main.o
                                      0xe2478 (size before relaxing)
 .debug_str     0x00000000000e31db       0xd6 ./Core/Src/stm32f4xx_hal_msp.o
                                      0xdf2a8 (size before relaxing)
 .debug_str     0x00000000000e32b1       0xc9 ./Core/Src/stm32f4xx_it.o
                                      0xde2ad (size before relaxing)
 .debug_str     0x00000000000e337a      0x8b1 ./Core/Src/stm32f4xx_nucleo_144.o
                                      0xdf5d1 (size before relaxing)
 .debug_str     0x00000000000e3c2b       0xdb ./Core/Src/system_stm32f4xx.o
                                      0xddf29 (size before relaxing)
 .debug_str     0x00000000000e3d06       0x36 ./Core/Startup/startup_stm32f429zitx.o
                                         0xb8 (size before relaxing)
 .debug_str     0x00000000000e3d3c      0x63c ./Drivers/STM32F4xx_HAL_Driver/Src/stm32f4xx_hal.o
                                      0xdeb4c (size before relaxing)
 .debug_str     0x00000000000e4378      0x264 ./Drivers/STM32F4xx_HAL_Driver/Src/stm32f4xx_hal_adc.o
                                      0xde503 (size before relaxing)
 .debug_str     0x00000000000e45dc      0x321 ./Drivers/STM32F4xx_HAL_Driver/Src/stm32f4xx_hal_cortex.o
                                      0xde831 (size before relaxing)
 .debug_str     0x00000000000e48fd     0x11da ./Drivers/STM32F4xx_HAL_Driver/Src/stm32f4xx_hal_eth.o
                                      0xdf7b6 (size before relaxing)
 .debug_str     0x00000000000e5ad7       0xbd ./Drivers/STM32F4xx_HAL_Driver/Src/stm32f4xx_hal_gpio.o
                                      0xde0a4 (size before relaxing)
 .debug_str     0x00000000000e5b94      0x7fd ./Drivers/STM32F4xx_HAL_Driver/Src/stm32f4xx_hal_pcd.o
                                      0xde9d8 (size before relaxing)
 .debug_str     0x00000000000e6391      0x21f ./Drivers/STM32F4xx_HAL_Driver/Src/stm32f4xx_hal_rcc.o
                                      0xde35d (size before relaxing)
 .debug_str     0x00000000000e65b0      0x5f6 ./Drivers/STM32F4xx_HAL_Driver/Src/stm32f4xx_hal_uart.o
                                      0xde8e9 (size before relaxing)
 .debug_str     0x00000000000e6ba6      0x43f ./Drivers/STM32F4xx_HAL_Driver/Src/stm32f4xx_ll_usb.o
                                      0xde840 (size before relaxing)

.comment        0x0000000000000000       0x50
 .comment       0x0000000000000000       0x50 ./Core/Src/API_Control_Estados.o
                                         0x51 (size before relaxing)
 .comment       0x0000000000000050       0x51 ./Core/Src/API_debounce.o
 .comment       0x0000000000000050       0x51 ./Core/Src/API_delay.o
 .comment       0x0000000000000050       0x51 ./Core/Src/API_uart.o
 .comment       0x0000000000000050       0x51 ./Core/Src/SensorTemp.o
 .comment       0x0000000000000050       0x51 ./Core/Src/main.o
 .comment       0x0000000000000050       0x51 ./Core/Src/stm32f4xx_hal_msp.o
 .comment       0x0000000000000050       0x51 ./Core/Src/stm32f4xx_it.o
 .comment       0x0000000000000050       0x51 ./Core/Src/stm32f4xx_nucleo_144.o
 .comment       0x0000000000000050       0x51 ./Core/Src/system_stm32f4xx.o
 .comment       0x0000000000000050       0x51 ./Drivers/STM32F4xx_HAL_Driver/Src/stm32f4xx_hal.o
 .comment       0x0000000000000050       0x51 ./Drivers/STM32F4xx_HAL_Driver/Src/stm32f4xx_hal_adc.o
 .comment       0x0000000000000050       0x51 ./Drivers/STM32F4xx_HAL_Driver/Src/stm32f4xx_hal_cortex.o
 .comment       0x0000000000000050       0x51 ./Drivers/STM32F4xx_HAL_Driver/Src/stm32f4xx_hal_eth.o
 .comment       0x0000000000000050       0x51 ./Drivers/STM32F4xx_HAL_Driver/Src/stm32f4xx_hal_gpio.o
 .comment       0x0000000000000050       0x51 ./Drivers/STM32F4xx_HAL_Driver/Src/stm32f4xx_hal_pcd.o
 .comment       0x0000000000000050       0x51 ./Drivers/STM32F4xx_HAL_Driver/Src/stm32f4xx_hal_rcc.o
 .comment       0x0000000000000050       0x51 ./Drivers/STM32F4xx_HAL_Driver/Src/stm32f4xx_hal_uart.o
 .comment       0x0000000000000050       0x51 ./Drivers/STM32F4xx_HAL_Driver/Src/stm32f4xx_ll_usb.o

.debug_frame    0x0000000000000000     0x389c
 .debug_frame   0x0000000000000000      0x104 ./Core/Src/API_Control_Estados.o
 .debug_frame   0x0000000000000104       0xa8 ./Core/Src/API_debounce.o
 .debug_frame   0x00000000000001ac       0x84 ./Core/Src/API_delay.o
 .debug_frame   0x0000000000000230       0x98 ./Core/Src/API_uart.o
 .debug_frame   0x00000000000002c8       0x70 ./Core/Src/SensorTemp.o
 .debug_frame   0x0000000000000338      0x108 ./Core/Src/main.o
 .debug_frame   0x0000000000000440      0x158 ./Core/Src/stm32f4xx_hal_msp.o
 .debug_frame   0x0000000000000598      0x104 ./Core/Src/stm32f4xx_it.o
 .debug_frame   0x000000000000069c      0x234 ./Core/Src/stm32f4xx_nucleo_144.o
 .debug_frame   0x00000000000008d0       0x58 ./Core/Src/system_stm32f4xx.o
 .debug_frame   0x0000000000000928      0x3b4 ./Drivers/STM32F4xx_HAL_Driver/Src/stm32f4xx_hal.o
 .debug_frame   0x0000000000000cdc      0x3fc ./Drivers/STM32F4xx_HAL_Driver/Src/stm32f4xx_hal_adc.o
 .debug_frame   0x00000000000010d8      0x498 ./Drivers/STM32F4xx_HAL_Driver/Src/stm32f4xx_hal_cortex.o
 .debug_frame   0x0000000000001570      0x898 ./Drivers/STM32F4xx_HAL_Driver/Src/stm32f4xx_hal_eth.o
 .debug_frame   0x0000000000001e08      0x14c ./Drivers/STM32F4xx_HAL_Driver/Src/stm32f4xx_hal_gpio.o
 .debug_frame   0x0000000000001f54      0x5bc ./Drivers/STM32F4xx_HAL_Driver/Src/stm32f4xx_hal_pcd.o
 .debug_frame   0x0000000000002510      0x1f4 ./Drivers/STM32F4xx_HAL_Driver/Src/stm32f4xx_hal_rcc.o
 .debug_frame   0x0000000000002704      0x92c ./Drivers/STM32F4xx_HAL_Driver/Src/stm32f4xx_hal_uart.o
 .debug_frame   0x0000000000003030      0x7c0 ./Drivers/STM32F4xx_HAL_Driver/Src/stm32f4xx_ll_usb.o
 .debug_frame   0x00000000000037f0       0x2c c:/st/stm32cubeide_1.10.1/stm32cubeide/plugins/com.st.stm32cube.ide.mcu.externaltools.gnu-tools-for-stm32.10.3-2021.10.win32_1.0.0.202111181127/tools/bin/../lib/gcc/arm-none-eabi/10.3.1/../../../../arm-none-eabi/lib/thumb/v7e-m+fp/hard\libc_nano.a(lib_a-init.o)
 .debug_frame   0x000000000000381c       0x20 c:/st/stm32cubeide_1.10.1/stm32cubeide/plugins/com.st.stm32cube.ide.mcu.externaltools.gnu-tools-for-stm32.10.3-2021.10.win32_1.0.0.202111181127/tools/bin/../lib/gcc/arm-none-eabi/10.3.1/../../../../arm-none-eabi/lib/thumb/v7e-m+fp/hard\libc_nano.a(lib_a-memset.o)
 .debug_frame   0x000000000000383c       0x2c c:/st/stm32cubeide_1.10.1/stm32cubeide/plugins/com.st.stm32cube.ide.mcu.externaltools.gnu-tools-for-stm32.10.3-2021.10.win32_1.0.0.202111181127/tools/bin/../lib/gcc/arm-none-eabi/10.3.1/thumb/v7e-m+fp/hard\libgcc.a(_aeabi_uldivmod.o)
 .debug_frame   0x0000000000003868       0x34 c:/st/stm32cubeide_1.10.1/stm32cubeide/plugins/com.st.stm32cube.ide.mcu.externaltools.gnu-tools-for-stm32.10.3-2021.10.win32_1.0.0.202111181127/tools/bin/../lib/gcc/arm-none-eabi/10.3.1/thumb/v7e-m+fp/hard\libgcc.a(_udivmoddi4.o)
