Archive member included to satisfy reference by file (symbol)

c:/st/stm32cubeide_1.10.1/stm32cubeide/plugins/com.st.stm32cube.ide.mcu.externaltools.gnu-tools-for-stm32.10.3-2021.10.win32_1.0.0.202111181127/tools/bin/../lib/gcc/arm-none-eabi/10.3.1/../../../../arm-none-eabi/lib/thumb/v7e-m+fp/hard\libc_nano.a(lib_a-errno.o)
                              ./Core/Src/syscalls.o (__errno)
c:/st/stm32cubeide_1.10.1/stm32cubeide/plugins/com.st.stm32cube.ide.mcu.externaltools.gnu-tools-for-stm32.10.3-2021.10.win32_1.0.0.202111181127/tools/bin/../lib/gcc/arm-none-eabi/10.3.1/../../../../arm-none-eabi/lib/thumb/v7e-m+fp/hard\libc_nano.a(lib_a-exit.o)
                              c:/st/stm32cubeide_1.10.1/stm32cubeide/plugins/com.st.stm32cube.ide.mcu.externaltools.gnu-tools-for-stm32.10.3-2021.10.win32_1.0.0.202111181127/tools/bin/../lib/gcc/arm-none-eabi/10.3.1/../../../../arm-none-eabi/lib/thumb/v7e-m+fp/hard/crt0.o (exit)
c:/st/stm32cubeide_1.10.1/stm32cubeide/plugins/com.st.stm32cube.ide.mcu.externaltools.gnu-tools-for-stm32.10.3-2021.10.win32_1.0.0.202111181127/tools/bin/../lib/gcc/arm-none-eabi/10.3.1/../../../../arm-none-eabi/lib/thumb/v7e-m+fp/hard\libc_nano.a(lib_a-impure.o)
                              c:/st/stm32cubeide_1.10.1/stm32cubeide/plugins/com.st.stm32cube.ide.mcu.externaltools.gnu-tools-for-stm32.10.3-2021.10.win32_1.0.0.202111181127/tools/bin/../lib/gcc/arm-none-eabi/10.3.1/../../../../arm-none-eabi/lib/thumb/v7e-m+fp/hard\libc_nano.a(lib_a-exit.o) (_global_impure_ptr)
c:/st/stm32cubeide_1.10.1/stm32cubeide/plugins/com.st.stm32cube.ide.mcu.externaltools.gnu-tools-for-stm32.10.3-2021.10.win32_1.0.0.202111181127/tools/bin/../lib/gcc/arm-none-eabi/10.3.1/../../../../arm-none-eabi/lib/thumb/v7e-m+fp/hard\libc_nano.a(lib_a-init.o)
                              c:/st/stm32cubeide_1.10.1/stm32cubeide/plugins/com.st.stm32cube.ide.mcu.externaltools.gnu-tools-for-stm32.10.3-2021.10.win32_1.0.0.202111181127/tools/bin/../lib/gcc/arm-none-eabi/10.3.1/../../../../arm-none-eabi/lib/thumb/v7e-m+fp/hard/crt0.o (__libc_init_array)
c:/st/stm32cubeide_1.10.1/stm32cubeide/plugins/com.st.stm32cube.ide.mcu.externaltools.gnu-tools-for-stm32.10.3-2021.10.win32_1.0.0.202111181127/tools/bin/../lib/gcc/arm-none-eabi/10.3.1/../../../../arm-none-eabi/lib/thumb/v7e-m+fp/hard\libc_nano.a(lib_a-memset.o)
                              c:/st/stm32cubeide_1.10.1/stm32cubeide/plugins/com.st.stm32cube.ide.mcu.externaltools.gnu-tools-for-stm32.10.3-2021.10.win32_1.0.0.202111181127/tools/bin/../lib/gcc/arm-none-eabi/10.3.1/../../../../arm-none-eabi/lib/thumb/v7e-m+fp/hard/crt0.o (memset)
c:/st/stm32cubeide_1.10.1/stm32cubeide/plugins/com.st.stm32cube.ide.mcu.externaltools.gnu-tools-for-stm32.10.3-2021.10.win32_1.0.0.202111181127/tools/bin/../lib/gcc/arm-none-eabi/10.3.1/thumb/v7e-m+fp/hard\libgcc.a(_aeabi_uldivmod.o)
                              ./Drivers/STM32F4xx_HAL_Driver/Src/stm32f4xx_hal_rcc.o (__aeabi_uldivmod)
c:/st/stm32cubeide_1.10.1/stm32cubeide/plugins/com.st.stm32cube.ide.mcu.externaltools.gnu-tools-for-stm32.10.3-2021.10.win32_1.0.0.202111181127/tools/bin/../lib/gcc/arm-none-eabi/10.3.1/thumb/v7e-m+fp/hard\libgcc.a(_udivmoddi4.o)
                              c:/st/stm32cubeide_1.10.1/stm32cubeide/plugins/com.st.stm32cube.ide.mcu.externaltools.gnu-tools-for-stm32.10.3-2021.10.win32_1.0.0.202111181127/tools/bin/../lib/gcc/arm-none-eabi/10.3.1/thumb/v7e-m+fp/hard\libgcc.a(_aeabi_uldivmod.o) (__udivmoddi4)
c:/st/stm32cubeide_1.10.1/stm32cubeide/plugins/com.st.stm32cube.ide.mcu.externaltools.gnu-tools-for-stm32.10.3-2021.10.win32_1.0.0.202111181127/tools/bin/../lib/gcc/arm-none-eabi/10.3.1/thumb/v7e-m+fp/hard\libgcc.a(_dvmd_tls.o)
                              c:/st/stm32cubeide_1.10.1/stm32cubeide/plugins/com.st.stm32cube.ide.mcu.externaltools.gnu-tools-for-stm32.10.3-2021.10.win32_1.0.0.202111181127/tools/bin/../lib/gcc/arm-none-eabi/10.3.1/thumb/v7e-m+fp/hard\libgcc.a(_aeabi_uldivmod.o) (__aeabi_ldiv0)

Discarded input sections

 .text          0x0000000000000000        0x0 c:/st/stm32cubeide_1.10.1/stm32cubeide/plugins/com.st.stm32cube.ide.mcu.externaltools.gnu-tools-for-stm32.10.3-2021.10.win32_1.0.0.202111181127/tools/bin/../lib/gcc/arm-none-eabi/10.3.1/thumb/v7e-m+fp/hard/crti.o
 .data          0x0000000000000000        0x0 c:/st/stm32cubeide_1.10.1/stm32cubeide/plugins/com.st.stm32cube.ide.mcu.externaltools.gnu-tools-for-stm32.10.3-2021.10.win32_1.0.0.202111181127/tools/bin/../lib/gcc/arm-none-eabi/10.3.1/thumb/v7e-m+fp/hard/crti.o
 .bss           0x0000000000000000        0x0 c:/st/stm32cubeide_1.10.1/stm32cubeide/plugins/com.st.stm32cube.ide.mcu.externaltools.gnu-tools-for-stm32.10.3-2021.10.win32_1.0.0.202111181127/tools/bin/../lib/gcc/arm-none-eabi/10.3.1/thumb/v7e-m+fp/hard/crti.o
[...]
Memory Configuration

Name             Origin             Length             Attributes
CCMRAM           0x0000000010000000 0x0000000000010000 xrw
RAM              0x0000000020000000 0x0000000000030000 xrw
FLASH            0x0000000008000000 0x0000000000200000 xr
*default*        0x0000000000000000 0xffffffffffffffff

Linker script and memory map

LOAD c:/st/stm32cubeide_1.10.1/stm32cubeide/plugins/com.st.stm32cube.ide.mcu.externaltools.gnu-tools-for-stm32.10.3-2021.10.win32_1.0.0.202111181127/tools/bin/../lib/gcc/arm-none-eabi/10.3.1/thumb/v7e-m+fp/hard/crti.o
LOAD c:/st/stm32cubeide_1.10.1/stm32cubeide/plugins/com.st.stm32cube.ide.mcu.externaltools.gnu-tools-for-stm32.10.3-2021.10.win32_1.0.0.202111181127/tools/bin/../lib/gcc/arm-none-eabi/10.3.1/thumb/v7e-m+fp/hard/crtbegin.o
LOAD c:/st/stm32cubeide_1.10.1/stm32cubeide/plugins/com.st.stm32cube.ide.mcu.externaltools.gnu-tools-for-stm32.10.3-2021.10.win32_1.0.0.202111181127/tools/bin/../lib/gcc/arm-none-eabi/10.3.1/../../../../arm-none-eabi/lib/thumb/v7e-m+fp/hard/crt0.o
LOAD ./Core/Src/main.o
LOAD ./Core/Src/stm32f4xx_hal_msp.o
LOAD ./Core/Src/stm32f4xx_it.o
LOAD ./Core/Src/stm32f4xx_nucleo_144.o
LOAD ./Core/Src/syscalls.o
LOAD ./Core/Src/sysmem.o
LOAD ./Core/Src/system_stm32f4xx.o
LOAD ./Core/Startup/startup_stm32f429zitx.o
LOAD ./Drivers/API/API_Control_Estados/src/API_Control_Estados.o
LOAD ./Drivers/API/API_debounce/src/API_debounce.o
LOAD ./Drivers/API/API_delay/src/API_delay.o
LOAD ./Drivers/API/API_uart/src/API_uart.o
LOAD ./Drivers/API/Buzzer/src/Buzzer.o
LOAD ./Drivers/API/SensorTemp/src/SensorTemp.o
LOAD ./Drivers/STM32F4xx_HAL_Driver/Src/stm32f4xx_hal.o
LOAD ./Drivers/STM32F4xx_HAL_Driver/Src/stm32f4xx_hal_adc.o
LOAD ./Drivers/STM32F4xx_HAL_Driver/Src/stm32f4xx_hal_adc_ex.o
LOAD ./Drivers/STM32F4xx_HAL_Driver/Src/stm32f4xx_hal_cortex.o
LOAD ./Drivers/STM32F4xx_HAL_Driver/Src/stm32f4xx_hal_dma.o
LOAD ./Drivers/STM32F4xx_HAL_Driver/Src/stm32f4xx_hal_dma_ex.o
LOAD ./Drivers/STM32F4xx_HAL_Driver/Src/stm32f4xx_hal_eth.o
LOAD ./Drivers/STM32F4xx_HAL_Driver/Src/stm32f4xx_hal_exti.o
LOAD ./Drivers/STM32F4xx_HAL_Driver/Src/stm32f4xx_hal_flash.o
LOAD ./Drivers/STM32F4xx_HAL_Driver/Src/stm32f4xx_hal_flash_ex.o
LOAD ./Drivers/STM32F4xx_HAL_Driver/Src/stm32f4xx_hal_flash_ramfunc.o
LOAD ./Drivers/STM32F4xx_HAL_Driver/Src/stm32f4xx_hal_gpio.o
LOAD ./Drivers/STM32F4xx_HAL_Driver/Src/stm32f4xx_hal_pcd.o
LOAD ./Drivers/STM32F4xx_HAL_Driver/Src/stm32f4xx_hal_pcd_ex.o
LOAD ./Drivers/STM32F4xx_HAL_Driver/Src/stm32f4xx_hal_pwr.o
LOAD ./Drivers/STM32F4xx_HAL_Driver/Src/stm32f4xx_hal_pwr_ex.o
LOAD ./Drivers/STM32F4xx_HAL_Driver/Src/stm32f4xx_hal_rcc.o
LOAD ./Drivers/STM32F4xx_HAL_Driver/Src/stm32f4xx_hal_rcc_ex.o
LOAD ./Drivers/STM32F4xx_HAL_Driver/Src/stm32f4xx_hal_tim.o
LOAD ./Drivers/STM32F4xx_HAL_Driver/Src/stm32f4xx_hal_tim_ex.o
LOAD ./Drivers/STM32F4xx_HAL_Driver/Src/stm32f4xx_hal_uart.o
LOAD ./Drivers/STM32F4xx_HAL_Driver/Src/stm32f4xx_ll_adc.o
LOAD ./Drivers/STM32F4xx_HAL_Driver/Src/stm32f4xx_ll_usb.o
START GROUP
LOAD c:/st/stm32cubeide_1.10.1/stm32cubeide/plugins/com.st.stm32cube.ide.mcu.externaltools.gnu-tools-for-stm32.10.3-2021.10.win32_1.0.0.202111181127/tools/bin/../lib/gcc/arm-none-eabi/10.3.1/../../../../arm-none-eabi/lib/thumb/v7e-m+fp/hard\libc_nano.a
LOAD c:/st/stm32cubeide_1.10.1/stm32cubeide/plugins/com.st.stm32cube.ide.mcu.externaltools.gnu-tools-for-stm32.10.3-2021.10.win32_1.0.0.202111181127/tools/bin/../lib/gcc/arm-none-eabi/10.3.1/../../../../arm-none-eabi/lib/thumb/v7e-m+fp/hard\libm.a
END GROUP
START GROUP
LOAD c:/st/stm32cubeide_1.10.1/stm32cubeide/plugins/com.st.stm32cube.ide.mcu.externaltools.gnu-tools-for-stm32.10.3-2021.10.win32_1.0.0.202111181127/tools/bin/../lib/gcc/arm-none-eabi/10.3.1/thumb/v7e-m+fp/hard\libgcc.a
LOAD c:/st/stm32cubeide_1.10.1/stm32cubeide/plugins/com.st.stm32cube.ide.mcu.externaltools.gnu-tools-for-stm32.10.3-2021.10.win32_1.0.0.202111181127/tools/bin/../lib/gcc/arm-none-eabi/10.3.1/../../../../arm-none-eabi/lib/thumb/v7e-m+fp/hard\libc_nano.a
END GROUP
START GROUP
LOAD c:/st/stm32cubeide_1.10.1/stm32cubeide/plugins/com.st.stm32cube.ide.mcu.externaltools.gnu-tools-for-stm32.10.3-2021.10.win32_1.0.0.202111181127/tools/bin/../lib/gcc/arm-none-eabi/10.3.1/thumb/v7e-m+fp/hard\libgcc.a
LOAD c:/st/stm32cubeide_1.10.1/stm32cubeide/plugins/com.st.stm32cube.ide.mcu.externaltools.gnu-tools-for-stm32.10.3-2021.10.win32_1.0.0.202111181127/tools/bin/../lib/gcc/arm-none-eabi/10.3.1/../../../../arm-none-eabi/lib/thumb/v7e-m+fp/hard\libc_nano.a
LOAD c:/st/stm32cubeide_1.10.1/stm32cubeide/plugins/com.st.stm32cube.ide.mcu.externaltools.gnu-tools-for-stm32.10.3-2021.10.win32_1.0.0.202111181127/tools/bin/../lib/gcc/arm-none-eabi/10.3.1/../../../../arm-none-eabi/lib/thumb/v7e-m+fp/hard\libnosys.a
END GROUP
START GROUP
LOAD c:/st/stm32cubeide_1.10.1/stm32cubeide/plugins/com.st.stm32cube.ide.mcu.externaltools.gnu-tools-for-stm32.10.3-2021.10.win32_1.0.0.202111181127/tools/bin/../lib/gcc/arm-none-eabi/10.3.1/thumb/v7e-m+fp/hard\libgcc.a
LOAD c:/st/stm32cubeide_1.10.1/stm32cubeide/plugins/com.st.stm32cube.ide.mcu.externaltools.gnu-tools-for-stm32.10.3-2021.10.win32_1.0.0.202111181127/tools/bin/../lib/gcc/arm-none-eabi/10.3.1/../../../../arm-none-eabi/lib/thumb/v7e-m+fp/hard\libc_nano.a
LOAD c:/st/stm32cubeide_1.10.1/stm32cubeide/plugins/com.st.stm32cube.ide.mcu.externaltools.gnu-tools-for-stm32.10.3-2021.10.win32_1.0.0.202111181127/tools/bin/../lib/gcc/arm-none-eabi/10.3.1/../../../../arm-none-eabi/lib/thumb/v7e-m+fp/hard\libnosys.a
END GROUP
LOAD c:/st/stm32cubeide_1.10.1/stm32cubeide/plugins/com.st.stm32cube.ide.mcu.externaltools.gnu-tools-for-stm32.10.3-2021.10.win32_1.0.0.202111181127/tools/bin/../lib/gcc/arm-none-eabi/10.3.1/thumb/v7e-m+fp/hard/crtend.o
LOAD c:/st/stm32cubeide_1.10.1/stm32cubeide/plugins/com.st.stm32cube.ide.mcu.externaltools.gnu-tools-for-stm32.10.3-2021.10.win32_1.0.0.202111181127/tools/bin/../lib/gcc/arm-none-eabi/10.3.1/thumb/v7e-m+fp/hard/crtn.o
                0x0000000020030000                _estack = (ORIGIN (RAM) + LENGTH (RAM))
                0x0000000000000200                _Min_Heap_Size = 0x200
                0x0000000000000400                _Min_Stack_Size = 0x400

.isr_vector     0x0000000008000000      0x1ac
                0x0000000008000000                . = ALIGN (0x4)
 *(.isr_vector)
 .isr_vector    0x0000000008000000      0x1ac ./Core/Startup/startup_stm32f429zitx.o
                0x0000000008000000                g_pfnVectors
                0x00000000080001ac                . = ALIGN (0x4)

.text           0x00000000080001ac     0x4208
                0x00000000080001ac                . = ALIGN (0x4)
 *(.text)
 .text          0x00000000080001ac       0x40 c:/st/stm32cubeide_1.10.1/stm32cubeide/plugins/com.st.stm32cube.ide.mcu.externaltools.gnu-tools-for-stm32.10.3-2021.10.win32_1.0.0.202111181127/tools/bin/../lib/gcc/arm-none-eabi/10.3.1/thumb/v7e-m+fp/hard/crtbegin.o
 .text          0x00000000080001ec       0x30 c:/st/stm32cubeide_1.10.1/stm32cubeide/plugins/com.st.stm32cube.ide.mcu.externaltools.gnu-tools-for-stm32.10.3-2021.10.win32_1.0.0.202111181127/tools/bin/../lib/gcc/arm-none-eabi/10.3.1/thumb/v7e-m+fp/hard\libgcc.a(_aeabi_uldivmod.o)
                0x00000000080001ec                __aeabi_uldivmod
 .text          0x000000000800021c      0x2d0 c:/st/stm32cubeide_1.10.1/stm32cubeide/plugins/com.st.stm32cube.ide.mcu.externaltools.gnu-tools-for-stm32.10.3-2021.10.win32_1.0.0.202111181127/tools/bin/../lib/gcc/arm-none-eabi/10.3.1/thumb/v7e-m+fp/hard\libgcc.a(_udivmoddi4.o)
                0x000000000800021c                __udivmoddi4
 .text          0x00000000080004ec        0x4 c:/st/stm32cubeide_1.10.1/stm32cubeide/plugins/com.st.stm32cube.ide.mcu.externaltools.gnu-tools-for-stm32.10.3-2021.10.win32_1.0.0.202111181127/tools/bin/../lib/gcc/arm-none-eabi/10.3.1/thumb/v7e-m+fp/hard\libgcc.a(_dvmd_tls.o)
                0x00000000080004ec                __aeabi_idiv0
                0x00000000080004ec                __aeabi_ldiv0
 *(.text*)
 .text.main     0x00000000080004f0       0x26 ./Core/Src/main.o
                0x00000000080004f0                main
 *fill*         0x0000000008000516        0x2 
 .text.SystemClock_Config
                0x0000000008000518       0xd4 ./Core/Src/main.o
                0x0000000008000518                SystemClock_Config
 .text.MX_ETH_Init
                0x00000000080005ec       0x9c ./Core/Src/main.o
 .text.MX_USART3_UART_Init
                0x0000000008000688       0x54 ./Core/Src/main.o
 .text.MX_USB_OTG_FS_PCD_Init
                0x00000000080006dc       0x5c ./Core/Src/main.o
 .text.MX_GPIO_Init
                0x0000000008000738      0x174 ./Core/Src/main.o
 .text.Error_Handler
                0x00000000080008ac        0xa ./Core/Src/main.o
                0x00000000080008ac                Error_Handler
 *fill*         0x00000000080008b6        0x2 
 .text.HAL_MspInit
                0x00000000080008b8       0x50 ./Core/Src/stm32f4xx_hal_msp.o
                0x00000000080008b8                HAL_MspInit
 .text.HAL_ADC_MspInit
                0x0000000008000908       0x88 ./Core/Src/stm32f4xx_hal_msp.o
                0x0000000008000908                HAL_ADC_MspInit
 .text.HAL_ETH_MspInit
                0x0000000008000990      0x18c ./Core/Src/stm32f4xx_hal_msp.o
                0x0000000008000990                HAL_ETH_MspInit
 .text.HAL_UART_MspInit
                0x0000000008000b1c       0x90 ./Core/Src/stm32f4xx_hal_msp.o
                0x0000000008000b1c                HAL_UART_MspInit
 .text.HAL_PCD_MspInit
                0x0000000008000bac       0xb4 ./Core/Src/stm32f4xx_hal_msp.o
                0x0000000008000bac                HAL_PCD_MspInit
 .text.NMI_Handler
                0x0000000008000c60        0x6 ./Core/Src/stm32f4xx_it.o
                0x0000000008000c60                NMI_Handler
 .text.HardFault_Handler
                0x0000000008000c66        0x6 ./Core/Src/stm32f4xx_it.o
                0x0000000008000c66                HardFault_Handler
 .text.MemManage_Handler
                0x0000000008000c6c        0x6 ./Core/Src/stm32f4xx_it.o
                0x0000000008000c6c                MemManage_Handler
 .text.BusFault_Handler
                0x0000000008000c72        0x6 ./Core/Src/stm32f4xx_it.o
                0x0000000008000c72                BusFault_Handler
 .text.UsageFault_Handler
                0x0000000008000c78        0x6 ./Core/Src/stm32f4xx_it.o
                0x0000000008000c78                UsageFault_Handler
 .text.SVC_Handler
                0x0000000008000c7e        0xe ./Core/Src/stm32f4xx_it.o
                0x0000000008000c7e                SVC_Handler
 .text.DebugMon_Handler
                0x0000000008000c8c        0xe ./Core/Src/stm32f4xx_it.o
                0x0000000008000c8c                DebugMon_Handler
 .text.PendSV_Handler
                0x0000000008000c9a        0xe ./Core/Src/stm32f4xx_it.o
                0x0000000008000c9a                PendSV_Handler
 .text.SysTick_Handler
                0x0000000008000ca8        0xc ./Core/Src/stm32f4xx_it.o
                0x0000000008000ca8                SysTick_Handler
 .text.BSP_LED_Init
                0x0000000008000cb4       0xa0 ./Core/Src/stm32f4xx_nucleo_144.o
                0x0000000008000cb4                BSP_LED_Init
 .text.BSP_LED_On
                0x0000000008000d54       0x34 ./Core/Src/stm32f4xx_nucleo_144.o
                0x0000000008000d54                BSP_LED_On
 .text.BSP_LED_Off
                0x0000000008000d88       0x34 ./Core/Src/stm32f4xx_nucleo_144.o
                0x0000000008000d88                BSP_LED_Off
 .text.BSP_LED_Toggle
                0x0000000008000dbc       0x34 ./Core/Src/stm32f4xx_nucleo_144.o
                0x0000000008000dbc                BSP_LED_Toggle
 .text.BSP_PB_Init
                0x0000000008000df0       0xac ./Core/Src/stm32f4xx_nucleo_144.o
                0x0000000008000df0                BSP_PB_Init
 .text.BSP_PB_GetState
                0x0000000008000e9c       0x2c ./Core/Src/stm32f4xx_nucleo_144.o
                0x0000000008000e9c                BSP_PB_GetState
 .text.SystemInit
                0x0000000008000ec8       0x24 ./Core/Src/system_stm32f4xx.o
                0x0000000008000ec8                SystemInit
 .text.Reset_Handler
                0x0000000008000eec       0x50 ./Core/Startup/startup_stm32f429zitx.o
                0x0000000008000eec                Reset_Handler
 .text.Default_Handler
                0x0000000008000f3c        0x2 ./Core/Startup/startup_stm32f429zitx.o
                0x0000000008000f3c                RTC_Alarm_IRQHandler
                0x0000000008000f3c                HASH_RNG_IRQHandler
                0x0000000008000f3c                EXTI2_IRQHandler
                0x0000000008000f3c                TIM8_CC_IRQHandler
                0x0000000008000f3c                UART8_IRQHandler
                0x0000000008000f3c                SPI4_IRQHandler
                0x0000000008000f3c                TIM1_CC_IRQHandler
                0x0000000008000f3c                DMA2_Stream5_IRQHandler
                0x0000000008000f3c                DMA1_Stream5_IRQHandler
                0x0000000008000f3c                PVD_IRQHandler
                0x0000000008000f3c                SDIO_IRQHandler
                0x0000000008000f3c                TAMP_STAMP_IRQHandler
                0x0000000008000f3c                CAN2_RX1_IRQHandler
                0x0000000008000f3c                EXTI3_IRQHandler
                0x0000000008000f3c                TIM8_TRG_COM_TIM14_IRQHandler
                0x0000000008000f3c                TIM1_UP_TIM10_IRQHandler
                0x0000000008000f3c                TIM8_UP_TIM13_IRQHandler
                0x0000000008000f3c                I2C3_ER_IRQHandler
                0x0000000008000f3c                EXTI0_IRQHandler
                0x0000000008000f3c                I2C2_EV_IRQHandler
                0x0000000008000f3c                DMA1_Stream2_IRQHandler
                0x0000000008000f3c                CAN1_RX0_IRQHandler
                0x0000000008000f3c                FPU_IRQHandler
                0x0000000008000f3c                OTG_HS_WKUP_IRQHandler
                0x0000000008000f3c                LTDC_ER_IRQHandler
                0x0000000008000f3c                CAN2_SCE_IRQHandler
                0x0000000008000f3c                DMA2_Stream2_IRQHandler
                0x0000000008000f3c                SPI1_IRQHandler
                0x0000000008000f3c                TIM6_DAC_IRQHandler
                0x0000000008000f3c                TIM1_BRK_TIM9_IRQHandler
                0x0000000008000f3c                DCMI_IRQHandler
                0x0000000008000f3c                CAN2_RX0_IRQHandler
                0x0000000008000f3c                DMA2_Stream3_IRQHandler
                0x0000000008000f3c                USART6_IRQHandler
                0x0000000008000f3c                USART3_IRQHandler
                0x0000000008000f3c                CAN1_RX1_IRQHandler
                0x0000000008000f3c                UART5_IRQHandler
                0x0000000008000f3c                DMA2_Stream0_IRQHandler
                0x0000000008000f3c                TIM4_IRQHandler
                0x0000000008000f3c                I2C1_EV_IRQHandler
                0x0000000008000f3c                DMA1_Stream6_IRQHandler
                0x0000000008000f3c                DMA1_Stream1_IRQHandler
                0x0000000008000f3c                UART4_IRQHandler
                0x0000000008000f3c                TIM3_IRQHandler
                0x0000000008000f3c                RCC_IRQHandler
                0x0000000008000f3c                TIM8_BRK_TIM12_IRQHandler
                0x0000000008000f3c                Default_Handler
                0x0000000008000f3c                EXTI15_10_IRQHandler
                0x0000000008000f3c                ADC_IRQHandler
                0x0000000008000f3c                DMA1_Stream7_IRQHandler
                0x0000000008000f3c                SPI5_IRQHandler
                0x0000000008000f3c                TIM7_IRQHandler
                0x0000000008000f3c                CAN2_TX_IRQHandler
                0x0000000008000f3c                TIM5_IRQHandler
                0x0000000008000f3c                DMA2_Stream7_IRQHandler
                0x0000000008000f3c                I2C3_EV_IRQHandler
                0x0000000008000f3c                EXTI9_5_IRQHandler
                0x0000000008000f3c                RTC_WKUP_IRQHandler
                0x0000000008000f3c                LTDC_IRQHandler
                0x0000000008000f3c                ETH_WKUP_IRQHandler
                0x0000000008000f3c                SPI2_IRQHandler
                0x0000000008000f3c                OTG_HS_EP1_IN_IRQHandler
                0x0000000008000f3c                DMA1_Stream0_IRQHandler
                0x0000000008000f3c                CAN1_TX_IRQHandler
                0x0000000008000f3c                EXTI4_IRQHandler
                0x0000000008000f3c                ETH_IRQHandler
                0x0000000008000f3c                OTG_HS_EP1_OUT_IRQHandler
                0x0000000008000f3c                WWDG_IRQHandler
                0x0000000008000f3c                SPI6_IRQHandler
                0x0000000008000f3c                TIM2_IRQHandler
                0x0000000008000f3c                OTG_FS_WKUP_IRQHandler
                0x0000000008000f3c                TIM1_TRG_COM_TIM11_IRQHandler
                0x0000000008000f3c                OTG_HS_IRQHandler
                0x0000000008000f3c                DMA2D_IRQHandler
                0x0000000008000f3c                EXTI1_IRQHandler
                0x0000000008000f3c                UART7_IRQHandler
                0x0000000008000f3c                USART2_IRQHandler
                0x0000000008000f3c                I2C2_ER_IRQHandler
                0x0000000008000f3c                DMA2_Stream1_IRQHandler
                0x0000000008000f3c                CAN1_SCE_IRQHandler
                0x0000000008000f3c                FLASH_IRQHandler
                0x0000000008000f3c                DMA2_Stream4_IRQHandler
                0x0000000008000f3c                USART1_IRQHandler
                0x0000000008000f3c                OTG_FS_IRQHandler
                0x0000000008000f3c                SPI3_IRQHandler
                0x0000000008000f3c                DMA1_Stream4_IRQHandler
                0x0000000008000f3c                I2C1_ER_IRQHandler
                0x0000000008000f3c                FMC_IRQHandler
                0x0000000008000f3c                DMA2_Stream6_IRQHandler
                0x0000000008000f3c                SAI1_IRQHandler
                0x0000000008000f3c                DMA1_Stream3_IRQHandler
 *fill*         0x0000000008000f3e        0x2 
 .text.ControlFSM_init
                0x0000000008000f40       0x60 ./Drivers/API/API_Control_Estados/src/API_Control_Estados.o
                0x0000000008000f40                ControlFSM_init
 .text.ControlFSM_update
                0x0000000008000fa0       0xfc ./Drivers/API/API_Control_Estados/src/API_Control_Estados.o
                0x0000000008000fa0                ControlFSM_update
 .text.Definir_Estado
                0x000000000800109c       0x58 ./Drivers/API/API_Control_Estados/src/API_Control_Estados.o
 .text.Activar_Estado_Critico
                0x00000000080010f4       0x2e ./Drivers/API/API_Control_Estados/src/API_Control_Estados.o
 .text.Activar_Estado_Alto
                0x0000000008001122       0x1a ./Drivers/API/API_Control_Estados/src/API_Control_Estados.o
 .text.Activar_Estado_Medio
                0x000000000800113c       0x1a ./Drivers/API/API_Control_Estados/src/API_Control_Estados.o
 .text.Activar_Estado_Bajo
                0x0000000008001156       0x1a ./Drivers/API/API_Control_Estados/src/API_Control_Estados.o
 .text.Activar_Estado_Bajo_Cero
                0x0000000008001170       0x1a ./Drivers/API/API_Control_Estados/src/API_Control_Estados.o
 *fill*         0x000000000800118a        0x2 
 .text.debounceFSM_init
                0x000000000800118c       0x34 ./Drivers/API/API_debounce/src/API_debounce.o
                0x000000000800118c                debounceFSM_init
 .text.debounceFSM_update
                0x00000000080011c0       0xd0 ./Drivers/API/API_debounce/src/API_debounce.o
                0x00000000080011c0                debounceFSM_update
 .text.buttonPressed
                0x0000000008001290       0x18 ./Drivers/API/API_debounce/src/API_debounce.o
 .text.buttonReleased
                0x00000000080012a8        0xe ./Drivers/API/API_debounce/src/API_debounce.o
 *fill*         0x00000000080012b6        0x2 
 .text.readKey  0x00000000080012b8       0x24 ./Drivers/API/API_debounce/src/API_debounce.o
                0x00000000080012b8                readKey
 .text.delayInit
                0x00000000080012dc       0x3c ./Drivers/API/API_delay/src/API_delay.o
                0x00000000080012dc                delayInit
 .text.delayReadState
                0x0000000008001318       0x60 ./Drivers/API/API_delay/src/API_delay.o
                0x0000000008001318                delayReadState
 .text.uartInit
                0x0000000008001378       0x58 ./Drivers/API/API_uart/src/API_uart.o
                0x0000000008001378                uartInit
 .text.uartSendString
                0x00000000080013d0       0x4c ./Drivers/API/API_uart/src/API_uart.o
                0x00000000080013d0                uartSendString
 .text.SensorTemp_Init
                0x000000000800141c       0x10 ./Drivers/API/SensorTemp/src/SensorTemp.o
                0x000000000800141c                SensorTemp_Init
 .text.SensorTemp_Read
                0x000000000800142c       0x3c ./Drivers/API/SensorTemp/src/SensorTemp.o
                0x000000000800142c                SensorTemp_Read
 .text.MX_ADC1_Init
                0x0000000008001468       0xa4 ./Drivers/API/SensorTemp/src/SensorTemp.o
 .text.HAL_Init
                0x000000000800150c       0x44 ./Drivers/STM32F4xx_HAL_Driver/Src/stm32f4xx_hal.o
                0x000000000800150c                HAL_Init
 .text.HAL_InitTick
                0x0000000008001550       0x60 ./Drivers/STM32F4xx_HAL_Driver/Src/stm32f4xx_hal.o
                0x0000000008001550                HAL_InitTick
 .text.HAL_IncTick
                0x00000000080015b0       0x28 ./Drivers/STM32F4xx_HAL_Driver/Src/stm32f4xx_hal.o
                0x00000000080015b0                HAL_IncTick
 .text.HAL_GetTick
                0x00000000080015d8       0x18 ./Drivers/STM32F4xx_HAL_Driver/Src/stm32f4xx_hal.o
                0x00000000080015d8                HAL_GetTick
 .text.HAL_Delay
                0x00000000080015f0       0x48 ./Drivers/STM32F4xx_HAL_Driver/Src/stm32f4xx_hal.o
                0x00000000080015f0                HAL_Delay
 .text.HAL_ADC_Init
                0x0000000008001638       0x86 ./Drivers/STM32F4xx_HAL_Driver/Src/stm32f4xx_hal_adc.o
                0x0000000008001638                HAL_ADC_Init
 *fill*         0x00000000080016be        0x2 
 .text.HAL_ADC_Start
                0x00000000080016c0      0x1a4 ./Drivers/STM32F4xx_HAL_Driver/Src/stm32f4xx_hal_adc.o
                0x00000000080016c0                HAL_ADC_Start
 .text.HAL_ADC_PollForConversion
                0x0000000008001864      0x116 ./Drivers/STM32F4xx_HAL_Driver/Src/stm32f4xx_hal_adc.o
                0x0000000008001864                HAL_ADC_PollForConversion
 .text.HAL_ADC_GetValue
                0x000000000800197a       0x1a ./Drivers/STM32F4xx_HAL_Driver/Src/stm32f4xx_hal_adc.o
                0x000000000800197a                HAL_ADC_GetValue
 .text.HAL_ADC_ConfigChannel
                0x0000000008001994      0x264 ./Drivers/STM32F4xx_HAL_Driver/Src/stm32f4xx_hal_adc.o
                0x0000000008001994                HAL_ADC_ConfigChannel
 .text.ADC_Init
                0x0000000008001bf8      0x1f8 ./Drivers/STM32F4xx_HAL_Driver/Src/stm32f4xx_hal_adc.o
 .text.__NVIC_SetPriorityGrouping
                0x0000000008001df0       0x48 ./Drivers/STM32F4xx_HAL_Driver/Src/stm32f4xx_hal_cortex.o
 .text.__NVIC_GetPriorityGrouping
                0x0000000008001e38       0x1c ./Drivers/STM32F4xx_HAL_Driver/Src/stm32f4xx_hal_cortex.o
 .text.__NVIC_EnableIRQ
                0x0000000008001e54       0x3c ./Drivers/STM32F4xx_HAL_Driver/Src/stm32f4xx_hal_cortex.o
 .text.__NVIC_SetPriority
                0x0000000008001e90       0x54 ./Drivers/STM32F4xx_HAL_Driver/Src/stm32f4xx_hal_cortex.o
 .text.NVIC_EncodePriority
                0x0000000008001ee4       0x66 ./Drivers/STM32F4xx_HAL_Driver/Src/stm32f4xx_hal_cortex.o
 *fill*         0x0000000008001f4a        0x2 
 .text.SysTick_Config
                0x0000000008001f4c       0x44 ./Drivers/STM32F4xx_HAL_Driver/Src/stm32f4xx_hal_cortex.o
 .text.HAL_NVIC_SetPriorityGrouping
                0x0000000008001f90       0x16 ./Drivers/STM32F4xx_HAL_Driver/Src/stm32f4xx_hal_cortex.o
                0x0000000008001f90                HAL_NVIC_SetPriorityGrouping
 .text.HAL_NVIC_SetPriority
                0x0000000008001fa6       0x38 ./Drivers/STM32F4xx_HAL_Driver/Src/stm32f4xx_hal_cortex.o
                0x0000000008001fa6                HAL_NVIC_SetPriority
 .text.HAL_NVIC_EnableIRQ
                0x0000000008001fde       0x1c ./Drivers/STM32F4xx_HAL_Driver/Src/stm32f4xx_hal_cortex.o
                0x0000000008001fde                HAL_NVIC_EnableIRQ
 .text.HAL_SYSTICK_Config
                0x0000000008001ffa       0x18 ./Drivers/STM32F4xx_HAL_Driver/Src/stm32f4xx_hal_cortex.o
                0x0000000008001ffa                HAL_SYSTICK_Config
 *fill*         0x0000000008002012        0x2 
 .text.HAL_ETH_Init
                0x0000000008002014       0xfc ./Drivers/STM32F4xx_HAL_Driver/Src/stm32f4xx_hal_eth.o
                0x0000000008002014                HAL_ETH_Init
 .text.ETH_SetMACConfig
                0x0000000008002110      0x160 ./Drivers/STM32F4xx_HAL_Driver/Src/stm32f4xx_hal_eth.o
 .text.ETH_SetDMAConfig
                0x0000000008002270      0x114 ./Drivers/STM32F4xx_HAL_Driver/Src/stm32f4xx_hal_eth.o
 .text.ETH_MACDMAConfig
                0x0000000008002384       0xe4 ./Drivers/STM32F4xx_HAL_Driver/Src/stm32f4xx_hal_eth.o
 .text.ETH_MACAddressConfig
                0x0000000008002468       0x70 ./Drivers/STM32F4xx_HAL_Driver/Src/stm32f4xx_hal_eth.o
 .text.ETH_DMATxDescListInit
                0x00000000080024d8       0xb2 ./Drivers/STM32F4xx_HAL_Driver/Src/stm32f4xx_hal_eth.o
 .text.ETH_DMARxDescListInit
                0x000000000800258a       0xda ./Drivers/STM32F4xx_HAL_Driver/Src/stm32f4xx_hal_eth.o
 .text.HAL_GPIO_Init
                0x0000000008002664      0x358 ./Drivers/STM32F4xx_HAL_Driver/Src/stm32f4xx_hal_gpio.o
                0x0000000008002664                HAL_GPIO_Init
 .text.HAL_GPIO_ReadPin
                0x00000000080029bc       0x30 ./Drivers/STM32F4xx_HAL_Driver/Src/stm32f4xx_hal_gpio.o
                0x00000000080029bc                HAL_GPIO_ReadPin
 .text.HAL_GPIO_WritePin
                0x00000000080029ec       0x32 ./Drivers/STM32F4xx_HAL_Driver/Src/stm32f4xx_hal_gpio.o
                0x00000000080029ec                HAL_GPIO_WritePin
 .text.HAL_GPIO_TogglePin
                0x0000000008002a1e       0x34 ./Drivers/STM32F4xx_HAL_Driver/Src/stm32f4xx_hal_gpio.o
                0x0000000008002a1e                HAL_GPIO_TogglePin
 .text.HAL_PCD_Init
                0x0000000008002a52      0x23a ./Drivers/STM32F4xx_HAL_Driver/Src/stm32f4xx_hal_pcd.o
                0x0000000008002a52                HAL_PCD_Init
 .text.HAL_RCC_OscConfig
                0x0000000008002c8c      0x4f0 ./Drivers/STM32F4xx_HAL_Driver/Src/stm32f4xx_hal_rcc.o
                0x0000000008002c8c                HAL_RCC_OscConfig
 .text.HAL_RCC_ClockConfig
                0x000000000800317c      0x1cc ./Drivers/STM32F4xx_HAL_Driver/Src/stm32f4xx_hal_rcc.o
                0x000000000800317c                HAL_RCC_ClockConfig
 .text.HAL_RCC_GetSysClockFreq
                0x0000000008003348      0x20c ./Drivers/STM32F4xx_HAL_Driver/Src/stm32f4xx_hal_rcc.o
                0x0000000008003348                HAL_RCC_GetSysClockFreq
 .text.HAL_RCC_GetHCLKFreq
                0x0000000008003554       0x18 ./Drivers/STM32F4xx_HAL_Driver/Src/stm32f4xx_hal_rcc.o
                0x0000000008003554                HAL_RCC_GetHCLKFreq
 .text.HAL_RCC_GetPCLK1Freq
                0x000000000800356c       0x28 ./Drivers/STM32F4xx_HAL_Driver/Src/stm32f4xx_hal_rcc.o
                0x000000000800356c                HAL_RCC_GetPCLK1Freq
 .text.HAL_RCC_GetPCLK2Freq
                0x0000000008003594       0x28 ./Drivers/STM32F4xx_HAL_Driver/Src/stm32f4xx_hal_rcc.o
                0x0000000008003594                HAL_RCC_GetPCLK2Freq
 .text.HAL_UART_Init
                0x00000000080035bc       0x9a ./Drivers/STM32F4xx_HAL_Driver/Src/stm32f4xx_hal_uart.o
                0x00000000080035bc                HAL_UART_Init
 .text.HAL_UART_Transmit
                0x0000000008003656      0x124 ./Drivers/STM32F4xx_HAL_Driver/Src/stm32f4xx_hal_uart.o
                0x0000000008003656                HAL_UART_Transmit
 .text.UART_WaitOnFlagUntilTimeout
                0x000000000800377a       0xdc ./Drivers/STM32F4xx_HAL_Driver/Src/stm32f4xx_hal_uart.o
 *fill*         0x0000000008003856        0x2 
 .text.UART_SetConfig
                0x0000000008003858      0x4e8 ./Drivers/STM32F4xx_HAL_Driver/Src/stm32f4xx_hal_uart.o
 .text.USB_CoreInit
                0x0000000008003d40       0xc2 ./Drivers/STM32F4xx_HAL_Driver/Src/stm32f4xx_ll_usb.o
                0x0000000008003d40                USB_CoreInit
 .text.USB_DisableGlobalInt
                0x0000000008003e02       0x22 ./Drivers/STM32F4xx_HAL_Driver/Src/stm32f4xx_ll_usb.o
                0x0000000008003e02                USB_DisableGlobalInt
 .text.USB_SetCurrentMode
                0x0000000008003e24       0x98 ./Drivers/STM32F4xx_HAL_Driver/Src/stm32f4xx_ll_usb.o
                0x0000000008003e24                USB_SetCurrentMode
 .text.USB_DevInit
                0x0000000008003ebc      0x2c8 ./Drivers/STM32F4xx_HAL_Driver/Src/stm32f4xx_ll_usb.o
                0x0000000008003ebc                USB_DevInit
 .text.USB_FlushTxFifo
                0x0000000008004184       0x68 ./Drivers/STM32F4xx_HAL_Driver/Src/stm32f4xx_ll_usb.o
                0x0000000008004184                USB_FlushTxFifo
 .text.USB_FlushRxFifo
                0x00000000080041ec       0x60 ./Drivers/STM32F4xx_HAL_Driver/Src/stm32f4xx_ll_usb.o
                0x00000000080041ec                USB_FlushRxFifo
 .text.USB_SetDevSpeed
                0x000000000800424c       0x32 ./Drivers/STM32F4xx_HAL_Driver/Src/stm32f4xx_ll_usb.o
                0x000000000800424c                USB_SetDevSpeed
 .text.USB_DevDisconnect
                0x000000000800427e       0x42 ./Drivers/STM32F4xx_HAL_Driver/Src/stm32f4xx_ll_usb.o
                0x000000000800427e                USB_DevDisconnect
 .text.USB_GetMode
                0x00000000080042c0       0x1c ./Drivers/STM32F4xx_HAL_Driver/Src/stm32f4xx_ll_usb.o
                0x00000000080042c0                USB_GetMode
 .text.USB_CoreReset
                0x00000000080042dc       0x68 ./Drivers/STM32F4xx_HAL_Driver/Src/stm32f4xx_ll_usb.o
 .text.__libc_init_array
                0x0000000008004344       0x48 c:/st/stm32cubeide_1.10.1/stm32cubeide/plugins/com.st.stm32cube.ide.mcu.externaltools.gnu-tools-for-stm32.10.3-2021.10.win32_1.0.0.202111181127/tools/bin/../lib/gcc/arm-none-eabi/10.3.1/../../../../arm-none-eabi/lib/thumb/v7e-m+fp/hard\libc_nano.a(lib_a-init.o)
                0x0000000008004344                __libc_init_array
 .text.memset   0x000000000800438c       0x10 c:/st/stm32cubeide_1.10.1/stm32cubeide/plugins/com.st.stm32cube.ide.mcu.externaltools.gnu-tools-for-stm32.10.3-2021.10.win32_1.0.0.202111181127/tools/bin/../lib/gcc/arm-none-eabi/10.3.1/../../../../arm-none-eabi/lib/thumb/v7e-m+fp/hard\libc_nano.a(lib_a-memset.o)
                0x000000000800438c                memset
 *(.glue_7)
 .glue_7        0x000000000800439c        0x0 linker stubs
 *(.glue_7t)
 .glue_7t       0x000000000800439c        0x0 linker stubs
 *(.eh_frame)
 .eh_frame      0x000000000800439c        0x0 c:/st/stm32cubeide_1.10.1/stm32cubeide/plugins/com.st.stm32cube.ide.mcu.externaltools.gnu-tools-for-stm32.10.3-2021.10.win32_1.0.0.202111181127/tools/bin/../lib/gcc/arm-none-eabi/10.3.1/thumb/v7e-m+fp/hard/crtbegin.o
 *(.init)
 .init          0x000000000800439c        0x4 c:/st/stm32cubeide_1.10.1/stm32cubeide/plugins/com.st.stm32cube.ide.mcu.externaltools.gnu-tools-for-stm32.10.3-2021.10.win32_1.0.0.202111181127/tools/bin/../lib/gcc/arm-none-eabi/10.3.1/thumb/v7e-m+fp/hard/crti.o
                0x000000000800439c                _init
 .init          0x00000000080043a0        0x8 c:/st/stm32cubeide_1.10.1/stm32cubeide/plugins/com.st.stm32cube.ide.mcu.externaltools.gnu-tools-for-stm32.10.3-2021.10.win32_1.0.0.202111181127/tools/bin/../lib/gcc/arm-none-eabi/10.3.1/thumb/v7e-m+fp/hard/crtn.o
 *(.fini)
 .fini          0x00000000080043a8        0x4 c:/st/stm32cubeide_1.10.1/stm32cubeide/plugins/com.st.stm32cube.ide.mcu.externaltools.gnu-tools-for-stm32.10.3-2021.10.win32_1.0.0.202111181127/tools/bin/../lib/gcc/arm-none-eabi/10.3.1/thumb/v7e-m+fp/hard/crti.o
                0x00000000080043a8                _fini
 .fini          0x00000000080043ac        0x8 c:/st/stm32cubeide_1.10.1/stm32cubeide/plugins/com.st.stm32cube.ide.mcu.externaltools.gnu-tools-for-stm32.10.3-2021.10.win32_1.0.0.202111181127/tools/bin/../lib/gcc/arm-none-eabi/10.3.1/thumb/v7e-m+fp/hard/crtn.o
                0x00000000080043b4                . = ALIGN (0x4)
                0x00000000080043b4                _etext = .

.vfp11_veneer   0x00000000080043b4        0x0
 .vfp11_veneer  0x00000000080043b4        0x0 linker stubs

.v4_bx          0x00000000080043b4        0x0
 .v4_bx         0x00000000080043b4        0x0 linker stubs

.iplt           0x00000000080043b4        0x0
 .iplt          0x00000000080043b4        0x0 c:/st/stm32cubeide_1.10.1/stm32cubeide/plugins/com.st.stm32cube.ide.mcu.externaltools.gnu-tools-for-stm32.10.3-2021.10.win32_1.0.0.202111181127/tools/bin/../lib/gcc/arm-none-eabi/10.3.1/thumb/v7e-m+fp/hard/crtbegin.o

.rodata         0x00000000080043b4       0x20
                0x00000000080043b4                . = ALIGN (0x4)
 *(.rodata)
 *(.rodata*)
 .rodata.GPIO_PIN
                0x00000000080043b4        0x6 ./Core/Src/stm32f4xx_nucleo_144.o
                0x00000000080043b4                GPIO_PIN
 *fill*         0x00000000080043ba        0x2 
 .rodata.AHBPrescTable
                0x00000000080043bc       0x10 ./Core/Src/system_stm32f4xx.o
                0x00000000080043bc                AHBPrescTable
 .rodata.APBPrescTable
                0x00000000080043cc        0x8 ./Core/Src/system_stm32f4xx.o
                0x00000000080043cc                APBPrescTable
                0x00000000080043d4                . = ALIGN (0x4)

.ARM.extab      0x00000000080043d4        0x0
                0x00000000080043d4                . = ALIGN (0x4)
 *(.ARM.extab* .gnu.linkonce.armextab.*)
                0x00000000080043d4                . = ALIGN (0x4)

.ARM            0x00000000080043d4        0x8
                0x00000000080043d4                . = ALIGN (0x4)
                0x00000000080043d4                __exidx_start = .
 *(.ARM.exidx*)
 .ARM.exidx     0x00000000080043d4        0x8 c:/st/stm32cubeide_1.10.1/stm32cubeide/plugins/com.st.stm32cube.ide.mcu.externaltools.gnu-tools-for-stm32.10.3-2021.10.win32_1.0.0.202111181127/tools/bin/../lib/gcc/arm-none-eabi/10.3.1/thumb/v7e-m+fp/hard\libgcc.a(_udivmoddi4.o)
                0x00000000080043dc                __exidx_end = .
                0x00000000080043dc                . = ALIGN (0x4)

.rel.dyn        0x00000000080043dc        0x0
 .rel.iplt      0x00000000080043dc        0x0 c:/st/stm32cubeide_1.10.1/stm32cubeide/plugins/com.st.stm32cube.ide.mcu.externaltools.gnu-tools-for-stm32.10.3-2021.10.win32_1.0.0.202111181127/tools/bin/../lib/gcc/arm-none-eabi/10.3.1/thumb/v7e-m+fp/hard/crtbegin.o

.preinit_array  0x00000000080043dc        0x0
                0x00000000080043dc                . = ALIGN (0x4)
                0x00000000080043dc                PROVIDE (__preinit_array_start = .)
 *(.preinit_array*)
                0x00000000080043dc                PROVIDE (__preinit_array_end = .)
                0x00000000080043dc                . = ALIGN (0x4)

.init_array     0x00000000080043dc        0x4
                0x00000000080043dc                . = ALIGN (0x4)
                0x00000000080043dc                PROVIDE (__init_array_start = .)
 *(SORT_BY_NAME(.init_array.*))
 *(.init_array*)
 .init_array    0x00000000080043dc        0x4 c:/st/stm32cubeide_1.10.1/stm32cubeide/plugins/com.st.stm32cube.ide.mcu.externaltools.gnu-tools-for-stm32.10.3-2021.10.win32_1.0.0.202111181127/tools/bin/../lib/gcc/arm-none-eabi/10.3.1/thumb/v7e-m+fp/hard/crtbegin.o
                0x00000000080043e0                PROVIDE (__init_array_end = .)
                0x00000000080043e0                . = ALIGN (0x4)

.fini_array     0x00000000080043e0        0x4
                0x00000000080043e0                . = ALIGN (0x4)
                [!provide]                        PROVIDE (__fini_array_start = .)
 *(SORT_BY_NAME(.fini_array.*))
 *(.fini_array*)
 .fini_array    0x00000000080043e0        0x4 c:/st/stm32cubeide_1.10.1/stm32cubeide/plugins/com.st.stm32cube.ide.mcu.externaltools.gnu-tools-for-stm32.10.3-2021.10.win32_1.0.0.202111181127/tools/bin/../lib/gcc/arm-none-eabi/10.3.1/thumb/v7e-m+fp/hard/crtbegin.o
                [!provide]                        PROVIDE (__fini_array_end = .)
                0x00000000080043e4                . = ALIGN (0x4)
                0x00000000080043e4                _sidata = LOADADDR (.data)

.data           0x0000000020000000       0x1c load address 0x00000000080043e4
                0x0000000020000000                . = ALIGN (0x4)
                0x0000000020000000                _sdata = .
 *(.data)
 *(.data*)
 .data.GPIO_PORT
                0x0000000020000000        0xc ./Core/Src/stm32f4xx_nucleo_144.o
                0x0000000020000000                GPIO_PORT
 .data.BUTTON_PORT
                0x000000002000000c        0x4 ./Core/Src/stm32f4xx_nucleo_144.o
                0x000000002000000c                BUTTON_PORT
 .data.SystemCoreClock
                0x0000000020000010        0x4 ./Core/Src/system_stm32f4xx.o
                0x0000000020000010                SystemCoreClock
 .data.uwTickPrio
                0x0000000020000014        0x4 ./Drivers/STM32F4xx_HAL_Driver/Src/stm32f4xx_hal.o
                0x0000000020000014                uwTickPrio
 .data.uwTickFreq
                0x0000000020000018        0x1 ./Drivers/STM32F4xx_HAL_Driver/Src/stm32f4xx_hal.o
                0x0000000020000018                uwTickFreq
 *(.RamFunc)
 *(.RamFunc*)
                0x000000002000001c                . = ALIGN (0x4)
 *fill*         0x0000000020000019        0x3 
                0x000000002000001c                _edata = .
                0x0000000008004400                _siccmram = LOADADDR (.ccmram)

.igot.plt       0x000000002000001c        0x0 load address 0x0000000008004400
 .igot.plt      0x000000002000001c        0x0 c:/st/stm32cubeide_1.10.1/stm32cubeide/plugins/com.st.stm32cube.ide.mcu.externaltools.gnu-tools-for-stm32.10.3-2021.10.win32_1.0.0.202111181127/tools/bin/../lib/gcc/arm-none-eabi/10.3.1/thumb/v7e-m+fp/hard/crtbegin.o

.ccmram         0x0000000010000000        0x0 load address 0x0000000008004400
                0x0000000010000000                . = ALIGN (0x4)
                0x0000000010000000                _sccmram = .
 *(.ccmram)
 *(.ccmram*)
                0x0000000010000000                . = ALIGN (0x4)
                0x0000000010000000                _eccmram = .
                0x0000000010000000                . = ALIGN (0x4)

.bss            0x000000002000001c      0x85c
                0x000000002000001c                _sbss = .
                0x000000002000001c                __bss_start__ = _sbss
 *(.bss)
 .bss           0x000000002000001c       0x1c c:/st/stm32cubeide_1.10.1/stm32cubeide/plugins/com.st.stm32cube.ide.mcu.externaltools.gnu-tools-for-stm32.10.3-2021.10.win32_1.0.0.202111181127/tools/bin/../lib/gcc/arm-none-eabi/10.3.1/thumb/v7e-m+fp/hard/crtbegin.o
 *(.bss*)
 .bss.TxConfig  0x0000000020000038       0x38 ./Core/Src/main.o
                0x0000000020000038                TxConfig
 .bss.DMARxDscrTab
                0x0000000020000070       0xa0 ./Core/Src/main.o
                0x0000000020000070                DMARxDscrTab
 .bss.DMATxDscrTab
                0x0000000020000110       0xa0 ./Core/Src/main.o
                0x0000000020000110                DMATxDscrTab
 .bss.heth      0x00000000200001b0       0xb0 ./Core/Src/main.o
                0x00000000200001b0                heth
 .bss.huart3    0x0000000020000260       0x44 ./Core/Src/main.o
                0x0000000020000260                huart3
 .bss.hpcd_USB_OTG_FS
                0x00000000200002a4      0x50c ./Core/Src/main.o
                0x00000000200002a4                hpcd_USB_OTG_FS
 .bss.MACAddr.0
                0x00000000200007b0        0x6 ./Core/Src/main.o
 .bss.curr_state
                0x00000000200007b6        0x1 ./Drivers/API/API_Control_Estados/src/API_Control_Estados.o
 *fill*         0x00000000200007b7        0x1 
 .bss.Timer_Temp
                0x00000000200007b8        0xc ./Drivers/API/API_Control_Estados/src/API_Control_Estados.o
                0x00000000200007b8                Timer_Temp
 .bss.Timer_Alarma
                0x00000000200007c4        0xc ./Drivers/API/API_Control_Estados/src/API_Control_Estados.o
                0x00000000200007c4                Timer_Alarma
 .bss.Estado    0x00000000200007d0        0x1 ./Drivers/API/API_Control_Estados/src/API_Control_Estados.o
                0x00000000200007d0                Estado
 *fill*         0x00000000200007d1        0x1 
 .bss.Temp      0x00000000200007d2        0x2 ./Drivers/API/API_Control_Estados/src/API_Control_Estados.o
                0x00000000200007d2                Temp
 .bss.flagButton
                0x00000000200007d4        0x1 ./Drivers/API/API_Control_Estados/src/API_Control_Estados.o
                0x00000000200007d4                flagButton
 *fill*         0x00000000200007d5        0x3 
 .bss.bounce_delay
                0x00000000200007d8        0xc ./Drivers/API/API_debounce/src/API_debounce.o
 .bss.curr_state
                0x00000000200007e4        0x1 ./Drivers/API/API_debounce/src/API_debounce.o
 .bss.pending_pressed
                0x00000000200007e5        0x1 ./Drivers/API/API_debounce/src/API_debounce.o
 *fill*         0x00000000200007e6        0x2 
 .bss.UartHandle
                0x00000000200007e8       0x44 ./Drivers/API/API_uart/src/API_uart.o
                0x00000000200007e8                UartHandle
 .bss.hadc1     0x000000002000082c       0x48 ./Drivers/API/SensorTemp/src/SensorTemp.o
                0x000000002000082c                hadc1
 .bss.uwTick    0x0000000020000874        0x4 ./Drivers/STM32F4xx_HAL_Driver/Src/stm32f4xx_hal.o
                0x0000000020000874                uwTick
 *(COMMON)
                0x0000000020000878                . = ALIGN (0x4)
                0x0000000020000878                _ebss = .
                0x0000000020000878                __bss_end__ = _ebss

._user_heap_stack
                0x0000000020000878      0x600
                0x0000000020000878                . = ALIGN (0x8)
                [!provide]                        PROVIDE (end = .)
                0x0000000020000878                PROVIDE (_end = .)
                0x0000000020000a78                . = (. + _Min_Heap_Size)
 *fill*         0x0000000020000878      0x200 
                0x0000000020000e78                . = (. + _Min_Stack_Size)
 *fill*         0x0000000020000a78      0x400 
                0x0000000020000e78                . = ALIGN (0x8)

/DISCARD/
 libc.a(*)
 libm.a(*)
 libgcc.a(*)

.ARM.attributes
                0x0000000000000000       0x30
 *(.ARM.attributes)
 .ARM.attributes
                0x0000000000000000       0x1e c:/st/stm32cubeide_1.10.1/stm32cubeide/plugins/com.st.stm32cube.ide.mcu.externaltools.gnu-tools-for-stm32.10.3-2021.10.win32_1.0.0.202111181127/tools/bin/../lib/gcc/arm-none-eabi/10.3.1/thumb/v7e-m+fp/hard/crti.o
 .ARM.attributes
                0x000000000000001e       0x34 c:/st/stm32cubeide_1.10.1/stm32cubeide/plugins/com.st.stm32cube.ide.mcu.externaltools.gnu-tools-for-stm32.10.3-2021.10.win32_1.0.0.202111181127/tools/bin/../lib/gcc/arm-none-eabi/10.3.1/thumb/v7e-m+fp/hard/crtbegin.o
 .ARM.attributes
                0x0000000000000052       0x34 ./Core/Src/main.o
 .ARM.attributes
                0x0000000000000086       0x34 ./Core/Src/stm32f4xx_hal_msp.o
 .ARM.attributes
                0x00000000000000ba       0x34 ./Core/Src/stm32f4xx_it.o
 .ARM.attributes
                0x00000000000000ee       0x34 ./Core/Src/stm32f4xx_nucleo_144.o
 .ARM.attributes
                0x0000000000000122       0x34 ./Core/Src/system_stm32f4xx.o
 .ARM.attributes
                0x0000000000000156       0x21 ./Core/Startup/startup_stm32f429zitx.o
 .ARM.attributes
                0x0000000000000177       0x34 ./Drivers/API/API_Control_Estados/src/API_Control_Estados.o
 .ARM.attributes
                0x00000000000001ab       0x34 ./Drivers/API/API_debounce/src/API_debounce.o
 .ARM.attributes
                0x00000000000001df       0x34 ./Drivers/API/API_delay/src/API_delay.o
 .ARM.attributes
                0x0000000000000213       0x34 ./Drivers/API/API_uart/src/API_uart.o
 .ARM.attributes
                0x0000000000000247       0x34 ./Drivers/API/SensorTemp/src/SensorTemp.o
 .ARM.attributes
                0x000000000000027b       0x34 ./Drivers/STM32F4xx_HAL_Driver/Src/stm32f4xx_hal.o
 .ARM.attributes
                0x00000000000002af       0x34 ./Drivers/STM32F4xx_HAL_Driver/Src/stm32f4xx_hal_adc.o
 .ARM.attributes
                0x00000000000002e3       0x34 ./Drivers/STM32F4xx_HAL_Driver/Src/stm32f4xx_hal_cortex.o
 .ARM.attributes
                0x0000000000000317       0x34 ./Drivers/STM32F4xx_HAL_Driver/Src/stm32f4xx_hal_eth.o
 .ARM.attributes
                0x000000000000034b       0x34 ./Drivers/STM32F4xx_HAL_Driver/Src/stm32f4xx_hal_gpio.o
 .ARM.attributes
                0x000000000000037f       0x34 ./Drivers/STM32F4xx_HAL_Driver/Src/stm32f4xx_hal_pcd.o
 .ARM.attributes
                0x00000000000003b3       0x34 ./Drivers/STM32F4xx_HAL_Driver/Src/stm32f4xx_hal_rcc.o
 .ARM.attributes
                0x00000000000003e7       0x34 ./Drivers/STM32F4xx_HAL_Driver/Src/stm32f4xx_hal_uart.o
 .ARM.attributes
                0x000000000000041b       0x34 ./Drivers/STM32F4xx_HAL_Driver/Src/stm32f4xx_ll_usb.o
 .ARM.attributes
                0x000000000000044f       0x34 c:/st/stm32cubeide_1.10.1/stm32cubeide/plugins/com.st.stm32cube.ide.mcu.externaltools.gnu-tools-for-stm32.10.3-2021.10.win32_1.0.0.202111181127/tools/bin/../lib/gcc/arm-none-eabi/10.3.1/../../../../arm-none-eabi/lib/thumb/v7e-m+fp/hard\libc_nano.a(lib_a-init.o)
 .ARM.attributes
                0x0000000000000483       0x34 c:/st/stm32cubeide_1.10.1/stm32cubeide/plugins/com.st.stm32cube.ide.mcu.externaltools.gnu-tools-for-stm32.10.3-2021.10.win32_1.0.0.202111181127/tools/bin/../lib/gcc/arm-none-eabi/10.3.1/../../../../arm-none-eabi/lib/thumb/v7e-m+fp/hard\libc_nano.a(lib_a-memset.o)
 .ARM.attributes
                0x00000000000004b7       0x1e c:/st/stm32cubeide_1.10.1/stm32cubeide/plugins/com.st.stm32cube.ide.mcu.externaltools.gnu-tools-for-stm32.10.3-2021.10.win32_1.0.0.202111181127/tools/bin/../lib/gcc/arm-none-eabi/10.3.1/thumb/v7e-m+fp/hard\libgcc.a(_aeabi_uldivmod.o)
 .ARM.attributes
                0x00000000000004d5       0x34 c:/st/stm32cubeide_1.10.1/stm32cubeide/plugins/com.st.stm32cube.ide.mcu.externaltools.gnu-tools-for-stm32.10.3-2021.10.win32_1.0.0.202111181127/tools/bin/../lib/gcc/arm-none-eabi/10.3.1/thumb/v7e-m+fp/hard\libgcc.a(_udivmoddi4.o)
 .ARM.attributes
                0x0000000000000509       0x1e c:/st/stm32cubeide_1.10.1/stm32cubeide/plugins/com.st.stm32cube.ide.mcu.externaltools.gnu-tools-for-stm32.10.3-2021.10.win32_1.0.0.202111181127/tools/bin/../lib/gcc/arm-none-eabi/10.3.1/thumb/v7e-m+fp/hard\libgcc.a(_dvmd_tls.o)
 .ARM.attributes
                0x0000000000000527       0x1e c:/st/stm32cubeide_1.10.1/stm32cubeide/plugins/com.st.stm32cube.ide.mcu.externaltools.gnu-tools-for-stm32.10.3-2021.10.win32_1.0.0.202111181127/tools/bin/../lib/gcc/arm-none-eabi/10.3.1/thumb/v7e-m+fp/hard/crtn.o
OUTPUT(Test.elf elf32-littlearm)
LOAD linker stubs
LOAD c:/st/stm32cubeide_1.10.1/stm32cubeide/plugins/com.st.stm32cube.ide.mcu.externaltools.gnu-tools-for-stm32.10.3-2021.10.win32_1.0.0.202111181127/tools/bin/../lib/gcc/arm-none-eabi/10.3.1/../../../../arm-none-eabi/lib/thumb/v7e-m+fp/hard\libc.a
LOAD c:/st/stm32cubeide_1.10.1/stm32cubeide/plugins/com.st.stm32cube.ide.mcu.externaltools.gnu-tools-for-stm32.10.3-2021.10.win32_1.0.0.202111181127/tools/bin/../lib/gcc/arm-none-eabi/10.3.1/../../../../arm-none-eabi/lib/thumb/v7e-m+fp/hard\libm.a
LOAD c:/st/stm32cubeide_1.10.1/stm32cubeide/plugins/com.st.stm32cube.ide.mcu.externaltools.gnu-tools-for-stm32.10.3-2021.10.win32_1.0.0.202111181127/tools/bin/../lib/gcc/arm-none-eabi/10.3.1/thumb/v7e-m+fp/hard\libgcc.a

.debug_info     0x0000000000000000    0x122cd
 .debug_info    0x0000000000000000     0x1c1b ./Core/Src/main.o
 .debug_info    0x0000000000001c1b     0x1b44 ./Core/Src/stm32f4xx_hal_msp.o
 .debug_info    0x000000000000375f      0x121 ./Core/Src/stm32f4xx_it.o
 .debug_info    0x0000000000003880     0x120b ./Core/Src/stm32f4xx_nucleo_144.o
 .debug_info    0x0000000000004a8b      0x53f ./Core/Src/system_stm32f4xx.o
 .debug_info    0x0000000000004fca       0x22 ./Core/Startup/startup_stm32f429zitx.o
 .debug_info    0x0000000000004fec      0x3eb ./Drivers/API/API_Control_Estados/src/API_Control_Estados.o
 .debug_info    0x00000000000053d7      0x29c ./Drivers/API/API_debounce/src/API_debounce.o
 .debug_info    0x0000000000005673      0x1c0 ./Drivers/API/API_delay/src/API_delay.o
 .debug_info    0x0000000000005833      0x701 ./Drivers/API/API_uart/src/API_uart.o
 .debug_info    0x0000000000005f34      0x7b9 ./Drivers/API/SensorTemp/src/SensorTemp.o
 .debug_info    0x00000000000066ed      0x9f4 ./Drivers/STM32F4xx_HAL_Driver/Src/stm32f4xx_hal.o
 .debug_info    0x00000000000070e1      0xd70 ./Drivers/STM32F4xx_HAL_Driver/Src/stm32f4xx_hal_adc.o
 .debug_info    0x0000000000007e51      0xe51 ./Drivers/STM32F4xx_HAL_Driver/Src/stm32f4xx_hal_cortex.o
 .debug_info    0x0000000000008ca2     0x223b ./Drivers/STM32F4xx_HAL_Driver/Src/stm32f4xx_hal_eth.o
 .debug_info    0x000000000000aedd      0x786 ./Drivers/STM32F4xx_HAL_Driver/Src/stm32f4xx_hal_gpio.o
 .debug_info    0x000000000000b663     0x1695 ./Drivers/STM32F4xx_HAL_Driver/Src/stm32f4xx_hal_pcd.o
 .debug_info    0x000000000000ccf8      0x982 ./Drivers/STM32F4xx_HAL_Driver/Src/stm32f4xx_hal_rcc.o
 .debug_info    0x000000000000d67a     0x31bc ./Drivers/STM32F4xx_HAL_Driver/Src/stm32f4xx_hal_uart.o
 .debug_info    0x0000000000010836     0x1a97 ./Drivers/STM32F4xx_HAL_Driver/Src/stm32f4xx_ll_usb.o

.debug_abbrev   0x0000000000000000     0x27fa
 .debug_abbrev  0x0000000000000000      0x329 ./Core/Src/main.o
 .debug_abbrev  0x0000000000000329      0x23e ./Core/Src/stm32f4xx_hal_msp.o
 .debug_abbrev  0x0000000000000567       0x74 ./Core/Src/stm32f4xx_it.o
 .debug_abbrev  0x00000000000005db      0x2b5 ./Core/Src/stm32f4xx_nucleo_144.o
 .debug_abbrev  0x0000000000000890      0x116 ./Core/Src/system_stm32f4xx.o
 .debug_abbrev  0x00000000000009a6       0x12 ./Core/Startup/startup_stm32f429zitx.o
 .debug_abbrev  0x00000000000009b8      0x18e ./Drivers/API/API_Control_Estados/src/API_Control_Estados.o
 .debug_abbrev  0x0000000000000b46      0x141 ./Drivers/API/API_debounce/src/API_debounce.o
 .debug_abbrev  0x0000000000000c87      0x10b ./Drivers/API/API_delay/src/API_delay.o
 .debug_abbrev  0x0000000000000d92      0x197 ./Drivers/API/API_uart/src/API_uart.o
 .debug_abbrev  0x0000000000000f29      0x1e4 ./Drivers/API/SensorTemp/src/SensorTemp.o
 .debug_abbrev  0x000000000000110d      0x20d ./Drivers/STM32F4xx_HAL_Driver/Src/stm32f4xx_hal.o
 .debug_abbrev  0x000000000000131a      0x244 ./Drivers/STM32F4xx_HAL_Driver/Src/stm32f4xx_hal_adc.o
 .debug_abbrev  0x000000000000155e      0x316 ./Drivers/STM32F4xx_HAL_Driver/Src/stm32f4xx_hal_cortex.o
 .debug_abbrev  0x0000000000001874      0x2d3 ./Drivers/STM32F4xx_HAL_Driver/Src/stm32f4xx_hal_eth.o
 .debug_abbrev  0x0000000000001b47      0x1c4 ./Drivers/STM32F4xx_HAL_Driver/Src/stm32f4xx_hal_gpio.o
 .debug_abbrev  0x0000000000001d0b      0x2bb ./Drivers/STM32F4xx_HAL_Driver/Src/stm32f4xx_hal_pcd.o
 .debug_abbrev  0x0000000000001fc6      0x2aa ./Drivers/STM32F4xx_HAL_Driver/Src/stm32f4xx_hal_rcc.o
 .debug_abbrev  0x0000000000002270      0x2f4 ./Drivers/STM32F4xx_HAL_Driver/Src/stm32f4xx_hal_uart.o
 .debug_abbrev  0x0000000000002564      0x296 ./Drivers/STM32F4xx_HAL_Driver/Src/stm32f4xx_ll_usb.o

.debug_aranges  0x0000000000000000      0xdd0
 .debug_aranges
                0x0000000000000000       0x50 ./Core/Src/main.o
 .debug_aranges
                0x0000000000000050       0x60 ./Core/Src/stm32f4xx_hal_msp.o
 .debug_aranges
                0x00000000000000b0       0x60 ./Core/Src/stm32f4xx_it.o
 .debug_aranges
                0x0000000000000110       0x98 ./Core/Src/stm32f4xx_nucleo_144.o
 .debug_aranges
                0x00000000000001a8       0x28 ./Core/Src/system_stm32f4xx.o
 .debug_aranges
                0x00000000000001d0       0x28 ./Core/Startup/startup_stm32f429zitx.o
 .debug_aranges
                0x00000000000001f8       0x58 ./Drivers/API/API_Control_Estados/src/API_Control_Estados.o
 .debug_aranges
                0x0000000000000250       0x40 ./Drivers/API/API_debounce/src/API_debounce.o
 .debug_aranges
                0x0000000000000290       0x30 ./Drivers/API/API_delay/src/API_delay.o
 .debug_aranges
                0x00000000000002c0       0x38 ./Drivers/API/API_uart/src/API_uart.o
 .debug_aranges
                0x00000000000002f8       0x30 ./Drivers/API/SensorTemp/src/SensorTemp.o
 .debug_aranges
                0x0000000000000328      0x100 ./Drivers/STM32F4xx_HAL_Driver/Src/stm32f4xx_hal.o
 .debug_aranges
                0x0000000000000428       0xe8 ./Drivers/STM32F4xx_HAL_Driver/Src/stm32f4xx_hal_adc.o
 .debug_aranges
                0x0000000000000510      0x118 ./Drivers/STM32F4xx_HAL_Driver/Src/stm32f4xx_hal_cortex.o
 .debug_aranges
                0x0000000000000628      0x1e0 ./Drivers/STM32F4xx_HAL_Driver/Src/stm32f4xx_hal_eth.o
 .debug_aranges
                0x0000000000000808       0x58 ./Drivers/STM32F4xx_HAL_Driver/Src/stm32f4xx_hal_gpio.o
 .debug_aranges
                0x0000000000000860      0x148 ./Drivers/STM32F4xx_HAL_Driver/Src/stm32f4xx_hal_pcd.o
 .debug_aranges
                0x00000000000009a8       0x88 ./Drivers/STM32F4xx_HAL_Driver/Src/stm32f4xx_hal_rcc.o
 .debug_aranges
                0x0000000000000a30      0x200 ./Drivers/STM32F4xx_HAL_Driver/Src/stm32f4xx_hal_uart.o
 .debug_aranges
                0x0000000000000c30      0x1a0 ./Drivers/STM32F4xx_HAL_Driver/Src/stm32f4xx_ll_usb.o

.debug_ranges   0x0000000000000000      0xcc8
 .debug_ranges  0x0000000000000000       0x40 ./Core/Src/main.o
 .debug_ranges  0x0000000000000040       0x50 ./Core/Src/stm32f4xx_hal_msp.o
 .debug_ranges  0x0000000000000090       0x50 ./Core/Src/stm32f4xx_it.o
 .debug_ranges  0x00000000000000e0       0x88 ./Core/Src/stm32f4xx_nucleo_144.o
 .debug_ranges  0x0000000000000168       0x18 ./Core/Src/system_stm32f4xx.o
 .debug_ranges  0x0000000000000180       0x20 ./Core/Startup/startup_stm32f429zitx.o
 .debug_ranges  0x00000000000001a0       0x48 ./Drivers/API/API_Control_Estados/src/API_Control_Estados.o
 .debug_ranges  0x00000000000001e8       0x30 ./Drivers/API/API_debounce/src/API_debounce.o
 .debug_ranges  0x0000000000000218       0x20 ./Drivers/API/API_delay/src/API_delay.o
 .debug_ranges  0x0000000000000238       0x28 ./Drivers/API/API_uart/src/API_uart.o
 .debug_ranges  0x0000000000000260       0x20 ./Drivers/API/SensorTemp/src/SensorTemp.o
 .debug_ranges  0x0000000000000280       0xf0 ./Drivers/STM32F4xx_HAL_Driver/Src/stm32f4xx_hal.o
 .debug_ranges  0x0000000000000370       0xd8 ./Drivers/STM32F4xx_HAL_Driver/Src/stm32f4xx_hal_adc.o
 .debug_ranges  0x0000000000000448      0x108 ./Drivers/STM32F4xx_HAL_Driver/Src/stm32f4xx_hal_cortex.o
 .debug_ranges  0x0000000000000550      0x1d0 ./Drivers/STM32F4xx_HAL_Driver/Src/stm32f4xx_hal_eth.o
 .debug_ranges  0x0000000000000720       0x48 ./Drivers/STM32F4xx_HAL_Driver/Src/stm32f4xx_hal_gpio.o
 .debug_ranges  0x0000000000000768      0x138 ./Drivers/STM32F4xx_HAL_Driver/Src/stm32f4xx_hal_pcd.o
 .debug_ranges  0x00000000000008a0       0x78 ./Drivers/STM32F4xx_HAL_Driver/Src/stm32f4xx_hal_rcc.o
 .debug_ranges  0x0000000000000918      0x220 ./Drivers/STM32F4xx_HAL_Driver/Src/stm32f4xx_hal_uart.o
 .debug_ranges  0x0000000000000b38      0x190 ./Drivers/STM32F4xx_HAL_Driver/Src/stm32f4xx_ll_usb.o

.debug_macro    0x0000000000000000    0x26234
 .debug_macro   0x0000000000000000      0x2ed ./Core/Src/main.o
 .debug_macro   0x00000000000002ed      0xa78 ./Core/Src/main.o
 .debug_macro   0x0000000000000d65      0x2b5 ./Core/Src/main.o
 .debug_macro   0x000000000000101a       0x2e ./Core/Src/main.o
 .debug_macro   0x0000000000001048       0x28 ./Core/Src/main.o
 .debug_macro   0x0000000000001070       0x22 ./Core/Src/main.o
 .debug_macro   0x0000000000001092       0x8e ./Core/Src/main.o
 .debug_macro   0x0000000000001120       0x51 ./Core/Src/main.o
 .debug_macro   0x0000000000001171      0x103 ./Core/Src/main.o
 .debug_macro   0x0000000000001274       0x6a ./Core/Src/main.o
 .debug_macro   0x00000000000012de      0x1df ./Core/Src/main.o
 .debug_macro   0x00000000000014bd       0x1c ./Core/Src/main.o
 .debug_macro   0x00000000000014d9       0x22 ./Core/Src/main.o
 .debug_macro   0x00000000000014fb       0xd9 ./Core/Src/main.o
 .debug_macro   0x00000000000015d4     0x102d ./Core/Src/main.o
 .debug_macro   0x0000000000002601      0x11f ./Core/Src/main.o
 .debug_macro   0x0000000000002720    0x17fc0 ./Core/Src/main.o
 .debug_macro   0x000000000001a6e0       0x6d ./Core/Src/main.o
 .debug_macro   0x000000000001a74d     0x36f5 ./Core/Src/main.o
 .debug_macro   0x000000000001de42      0x174 ./Core/Src/main.o
 .debug_macro   0x000000000001dfb6       0x5c ./Core/Src/main.o
 .debug_macro   0x000000000001e012      0xca5 ./Core/Src/main.o
 .debug_macro   0x000000000001ecb7      0x9fe ./Core/Src/main.o
 .debug_macro   0x000000000001f6b5      0x115 ./Core/Src/main.o
 .debug_macro   0x000000000001f7ca      0x156 ./Core/Src/main.o
 .debug_macro   0x000000000001f920       0xa5 ./Core/Src/main.o
 .debug_macro   0x000000000001f9c5      0x182 ./Core/Src/main.o
 .debug_macro   0x000000000001fb47      0x287 ./Core/Src/main.o
 .debug_macro   0x000000000001fdce       0x5f ./Core/Src/main.o
 .debug_macro   0x000000000001fe2d      0x236 ./Core/Src/main.o
 .debug_macro   0x0000000000020063      0xb54 ./Core/Src/main.o
 .debug_macro   0x0000000000020bb7      0x38b ./Core/Src/main.o
 .debug_macro   0x0000000000020f42      0x184 ./Core/Src/main.o
 .debug_macro   0x00000000000210c6       0xf9 ./Core/Src/main.o
 .debug_macro   0x00000000000211bf      0xd44 ./Core/Src/main.o
 .debug_macro   0x0000000000021f03      0x132 ./Core/Src/main.o
 .debug_macro   0x0000000000022035      0x41d ./Core/Src/main.o
 .debug_macro   0x0000000000022452       0x2e ./Core/Src/main.o
 .debug_macro   0x0000000000022480      0x11a ./Core/Src/main.o
 .debug_macro   0x000000000002259a       0xe2 ./Core/Src/main.o
 .debug_macro   0x000000000002267c       0x89 ./Core/Src/main.o
 .debug_macro   0x0000000000022705      0x295 ./Core/Src/main.o
 .debug_macro   0x000000000002299a      0x248 ./Core/Src/main.o
 .debug_macro   0x0000000000022be2       0xba ./Core/Src/main.o
 .debug_macro   0x0000000000022c9c      0x134 ./Core/Src/main.o
 .debug_macro   0x0000000000022dd0      0x130 ./Core/Src/main.o
 .debug_macro   0x0000000000022f00       0x52 ./Core/Src/main.o
 .debug_macro   0x0000000000022f52       0x1e ./Core/Src/main.o
 .debug_macro   0x0000000000022f70       0x3c ./Core/Src/main.o
 .debug_macro   0x0000000000022fac       0x34 ./Core/Src/main.o
 .debug_macro   0x0000000000022fe0       0x16 ./Core/Src/main.o
 .debug_macro   0x0000000000022ff6       0x43 ./Core/Src/main.o
 .debug_macro   0x0000000000023039       0x34 ./Core/Src/main.o
 .debug_macro   0x000000000002306d       0x10 ./Core/Src/main.o
 .debug_macro   0x000000000002307d       0x58 ./Core/Src/main.o
 .debug_macro   0x00000000000230d5       0x71 ./Core/Src/main.o
 .debug_macro   0x0000000000023146       0x1c ./Core/Src/main.o
 .debug_macro   0x0000000000023162      0x12a ./Core/Src/main.o
 .debug_macro   0x000000000002328c      0x341 ./Core/Src/main.o
 .debug_macro   0x00000000000235cd       0x10 ./Core/Src/main.o
 .debug_macro   0x00000000000235dd       0x35 ./Core/Src/main.o
 .debug_macro   0x0000000000023612       0x20 ./Core/Src/main.o
 .debug_macro   0x0000000000023632      0x21f ./Core/Src/stm32f4xx_hal_msp.o
 .debug_macro   0x0000000000023851      0x229 ./Core/Src/stm32f4xx_it.o
 .debug_macro   0x0000000000023a7a      0x249 ./Core/Src/stm32f4xx_nucleo_144.o
 .debug_macro   0x0000000000023cc3      0x140 ./Core/Src/stm32f4xx_nucleo_144.o
 .debug_macro   0x0000000000023e03      0x210 ./Core/Src/system_stm32f4xx.o
 .debug_macro   0x0000000000024013      0x28c ./Drivers/API/API_Control_Estados/src/API_Control_Estados.o
 .debug_macro   0x000000000002429f       0x22 ./Drivers/API/API_Control_Estados/src/API_Control_Estados.o
 .debug_macro   0x00000000000242c1      0x146 ./Drivers/API/API_Control_Estados/src/API_Control_Estados.o
 .debug_macro   0x0000000000024407      0x248 ./Drivers/API/API_debounce/src/API_debounce.o
 .debug_macro   0x000000000002464f       0x7c ./Drivers/API/API_delay/src/API_delay.o
 .debug_macro   0x00000000000246cb      0x27d ./Drivers/API/API_uart/src/API_uart.o
 .debug_macro   0x0000000000024948      0x2f9 ./Drivers/API/SensorTemp/src/SensorTemp.o
 .debug_macro   0x0000000000024c41      0x10e ./Drivers/API/SensorTemp/src/SensorTemp.o
 .debug_macro   0x0000000000024d4f       0x8d ./Drivers/API/SensorTemp/src/SensorTemp.o
 .debug_macro   0x0000000000024ddc       0x56 ./Drivers/API/SensorTemp/src/SensorTemp.o
 .debug_macro   0x0000000000024e32      0x270 ./Drivers/STM32F4xx_HAL_Driver/Src/stm32f4xx_hal.o
 .debug_macro   0x00000000000250a2      0x211 ./Drivers/STM32F4xx_HAL_Driver/Src/stm32f4xx_hal_adc.o
 .debug_macro   0x00000000000252b3      0x210 ./Drivers/STM32F4xx_HAL_Driver/Src/stm32f4xx_hal_cortex.o
 .debug_macro   0x00000000000254c3      0x2ea ./Drivers/STM32F4xx_HAL_Driver/Src/stm32f4xx_hal_eth.o
 .debug_macro   0x00000000000257ad      0x216 ./Drivers/STM32F4xx_HAL_Driver/Src/stm32f4xx_hal_gpio.o
 .debug_macro   0x00000000000259c3      0x21c ./Drivers/STM32F4xx_HAL_Driver/Src/stm32f4xx_hal_pcd.o
 .debug_macro   0x0000000000025bdf      0x234 ./Drivers/STM32F4xx_HAL_Driver/Src/stm32f4xx_hal_rcc.o
 .debug_macro   0x0000000000025e13      0x211 ./Drivers/STM32F4xx_HAL_Driver/Src/stm32f4xx_hal_uart.o
 .debug_macro   0x0000000000026024      0x210 ./Drivers/STM32F4xx_HAL_Driver/Src/stm32f4xx_ll_usb.o

.debug_line     0x0000000000000000    0x10f92
 .debug_line    0x0000000000000000      0xa19 ./Core/Src/main.o
 .debug_line    0x0000000000000a19      0x8a6 ./Core/Src/stm32f4xx_hal_msp.o
 .debug_line    0x00000000000012bf      0x7f2 ./Core/Src/stm32f4xx_it.o
 .debug_line    0x0000000000001ab1      0x99e ./Core/Src/stm32f4xx_nucleo_144.o
 .debug_line    0x000000000000244f      0x7b1 ./Core/Src/system_stm32f4xx.o
 .debug_line    0x0000000000002c00       0x88 ./Core/Startup/startup_stm32f429zitx.o
 .debug_line    0x0000000000002c88      0xb4c ./Drivers/API/API_Control_Estados/src/API_Control_Estados.o
 .debug_line    0x00000000000037d4      0x97c ./Drivers/API/API_debounce/src/API_debounce.o
 .debug_line    0x0000000000004150      0x4dc ./Drivers/API/API_delay/src/API_delay.o
 .debug_line    0x000000000000462c      0x855 ./Drivers/API/API_uart/src/API_uart.o
 .debug_line    0x0000000000004e81      0xa53 ./Drivers/API/SensorTemp/src/SensorTemp.o
 .debug_line    0x00000000000058d4      0xa4d ./Drivers/STM32F4xx_HAL_Driver/Src/stm32f4xx_hal.o
 .debug_line    0x0000000000006321     0x1293 ./Drivers/STM32F4xx_HAL_Driver/Src/stm32f4xx_hal_adc.o
 .debug_line    0x00000000000075b4      0xcc6 ./Drivers/STM32F4xx_HAL_Driver/Src/stm32f4xx_hal_cortex.o
 .debug_line    0x000000000000827a     0x1988 ./Drivers/STM32F4xx_HAL_Driver/Src/stm32f4xx_hal_eth.o
 .debug_line    0x0000000000009c02      0xbb3 ./Drivers/STM32F4xx_HAL_Driver/Src/stm32f4xx_hal_gpio.o
 .debug_line    0x000000000000a7b5     0x14ba ./Drivers/STM32F4xx_HAL_Driver/Src/stm32f4xx_hal_pcd.o
 .debug_line    0x000000000000bc6f      0xd93 ./Drivers/STM32F4xx_HAL_Driver/Src/stm32f4xx_hal_rcc.o
 .debug_line    0x000000000000ca02     0x2abc ./Drivers/STM32F4xx_HAL_Driver/Src/stm32f4xx_hal_uart.o
 .debug_line    0x000000000000f4be     0x1ad4 ./Drivers/STM32F4xx_HAL_Driver/Src/stm32f4xx_ll_usb.o

.debug_str      0x0000000000000000    0xe701a
 .debug_str     0x0000000000000000    0xe1ebc ./Core/Src/main.o
                                      0xe223a (size before relaxing)
 .debug_str     0x00000000000e1ebc      0x22a ./Core/Src/stm32f4xx_hal_msp.o
                                      0xdf2a8 (size before relaxing)
 .debug_str     0x00000000000e20e6       0xc9 ./Core/Src/stm32f4xx_it.o
                                      0xde2ad (size before relaxing)
 .debug_str     0x00000000000e21af     0x123f ./Core/Src/stm32f4xx_nucleo_144.o
                                      0xdf5d1 (size before relaxing)
 .debug_str     0x00000000000e33ee       0xdb ./Core/Src/system_stm32f4xx.o
                                      0xddf29 (size before relaxing)
 .debug_str     0x00000000000e34c9       0x36 ./Core/Startup/startup_stm32f429zitx.o
                                         0xb8 (size before relaxing)
 .debug_str     0x00000000000e34ff      0x352 ./Drivers/API/API_Control_Estados/src/API_Control_Estados.o
                                      0xde9d1 (size before relaxing)
 .debug_str     0x00000000000e3851       0xd0 ./Drivers/API/API_debounce/src/API_debounce.o
                                      0xde7b7 (size before relaxing)
 .debug_str     0x00000000000e3921       0x55 ./Drivers/API/API_delay/src/API_delay.o
                                       0x3d3d (size before relaxing)
 .debug_str     0x00000000000e3976      0x2c3 ./Drivers/API/API_uart/src/API_uart.o
                                      0xde4ce (size before relaxing)
 .debug_str     0x00000000000e3c39      0x127 ./Drivers/API/SensorTemp/src/SensorTemp.o
                                      0xe11a2 (size before relaxing)
 .debug_str     0x00000000000e3d60      0x646 ./Drivers/STM32F4xx_HAL_Driver/Src/stm32f4xx_hal.o
                                      0xdeb4c (size before relaxing)
 .debug_str     0x00000000000e43a6      0x264 ./Drivers/STM32F4xx_HAL_Driver/Src/stm32f4xx_hal_adc.o
                                      0xde503 (size before relaxing)
 .debug_str     0x00000000000e460a      0x321 ./Drivers/STM32F4xx_HAL_Driver/Src/stm32f4xx_hal_cortex.o
                                      0xde831 (size before relaxing)
 .debug_str     0x00000000000e492b     0x11da ./Drivers/STM32F4xx_HAL_Driver/Src/stm32f4xx_hal_eth.o
                                      0xdf7b6 (size before relaxing)
 .debug_str     0x00000000000e5b05       0xbd ./Drivers/STM32F4xx_HAL_Driver/Src/stm32f4xx_hal_gpio.o
                                      0xde0a4 (size before relaxing)
 .debug_str     0x00000000000e5bc2      0x7fd ./Drivers/STM32F4xx_HAL_Driver/Src/stm32f4xx_hal_pcd.o
                                      0xde9d8 (size before relaxing)
 .debug_str     0x00000000000e63bf      0x21f ./Drivers/STM32F4xx_HAL_Driver/Src/stm32f4xx_hal_rcc.o
                                      0xde35d (size before relaxing)
 .debug_str     0x00000000000e65de      0x5fd ./Drivers/STM32F4xx_HAL_Driver/Src/stm32f4xx_hal_uart.o
                                      0xde8e9 (size before relaxing)
 .debug_str     0x00000000000e6bdb      0x43f ./Drivers/STM32F4xx_HAL_Driver/Src/stm32f4xx_ll_usb.o
                                      0xde840 (size before relaxing)

.comment        0x0000000000000000       0x50
 .comment       0x0000000000000000       0x50 ./Core/Src/main.o
                                         0x51 (size before relaxing)
 .comment       0x0000000000000050       0x51 ./Core/Src/stm32f4xx_hal_msp.o
 .comment       0x0000000000000050       0x51 ./Core/Src/stm32f4xx_it.o
 .comment       0x0000000000000050       0x51 ./Core/Src/stm32f4xx_nucleo_144.o
 .comment       0x0000000000000050       0x51 ./Core/Src/system_stm32f4xx.o
 .comment       0x0000000000000050       0x51 ./Drivers/API/API_Control_Estados/src/API_Control_Estados.o
 .comment       0x0000000000000050       0x51 ./Drivers/API/API_debounce/src/API_debounce.o
 .comment       0x0000000000000050       0x51 ./Drivers/API/API_delay/src/API_delay.o
 .comment       0x0000000000000050       0x51 ./Drivers/API/API_uart/src/API_uart.o
 .comment       0x0000000000000050       0x51 ./Drivers/API/SensorTemp/src/SensorTemp.o
 .comment       0x0000000000000050       0x51 ./Drivers/STM32F4xx_HAL_Driver/Src/stm32f4xx_hal.o
 .comment       0x0000000000000050       0x51 ./Drivers/STM32F4xx_HAL_Driver/Src/stm32f4xx_hal_adc.o
 .comment       0x0000000000000050       0x51 ./Drivers/STM32F4xx_HAL_Driver/Src/stm32f4xx_hal_cortex.o
 .comment       0x0000000000000050       0x51 ./Drivers/STM32F4xx_HAL_Driver/Src/stm32f4xx_hal_eth.o
 .comment       0x0000000000000050       0x51 ./Drivers/STM32F4xx_HAL_Driver/Src/stm32f4xx_hal_gpio.o
 .comment       0x0000000000000050       0x51 ./Drivers/STM32F4xx_HAL_Driver/Src/stm32f4xx_hal_pcd.o
 .comment       0x0000000000000050       0x51 ./Drivers/STM32F4xx_HAL_Driver/Src/stm32f4xx_hal_rcc.o
 .comment       0x0000000000000050       0x51 ./Drivers/STM32F4xx_HAL_Driver/Src/stm32f4xx_hal_uart.o
 .comment       0x0000000000000050       0x51 ./Drivers/STM32F4xx_HAL_Driver/Src/stm32f4xx_ll_usb.o

.debug_frame    0x0000000000000000     0x3878
 .debug_frame   0x0000000000000000       0xe0 ./Core/Src/main.o
 .debug_frame   0x00000000000000e0      0x158 ./Core/Src/stm32f4xx_hal_msp.o
 .debug_frame   0x0000000000000238      0x104 ./Core/Src/stm32f4xx_it.o
 .debug_frame   0x000000000000033c      0x234 ./Core/Src/stm32f4xx_nucleo_144.o
 .debug_frame   0x0000000000000570       0x58 ./Core/Src/system_stm32f4xx.o
 .debug_frame   0x00000000000005c8      0x104 ./Drivers/API/API_Control_Estados/src/API_Control_Estados.o
 .debug_frame   0x00000000000006cc       0xa8 ./Drivers/API/API_debounce/src/API_debounce.o
 .debug_frame   0x0000000000000774       0x84 ./Drivers/API/API_delay/src/API_delay.o
 .debug_frame   0x00000000000007f8       0x98 ./Drivers/API/API_uart/src/API_uart.o
 .debug_frame   0x0000000000000890       0x74 ./Drivers/API/SensorTemp/src/SensorTemp.o
 .debug_frame   0x0000000000000904      0x3b4 ./Drivers/STM32F4xx_HAL_Driver/Src/stm32f4xx_hal.o
 .debug_frame   0x0000000000000cb8      0x3fc ./Drivers/STM32F4xx_HAL_Driver/Src/stm32f4xx_hal_adc.o
 .debug_frame   0x00000000000010b4      0x498 ./Drivers/STM32F4xx_HAL_Driver/Src/stm32f4xx_hal_cortex.o
 .debug_frame   0x000000000000154c      0x898 ./Drivers/STM32F4xx_HAL_Driver/Src/stm32f4xx_hal_eth.o
 .debug_frame   0x0000000000001de4      0x14c ./Drivers/STM32F4xx_HAL_Driver/Src/stm32f4xx_hal_gpio.o
 .debug_frame   0x0000000000001f30      0x5bc ./Drivers/STM32F4xx_HAL_Driver/Src/stm32f4xx_hal_pcd.o
 .debug_frame   0x00000000000024ec      0x1f4 ./Drivers/STM32F4xx_HAL_Driver/Src/stm32f4xx_hal_rcc.o
 .debug_frame   0x00000000000026e0      0x92c ./Drivers/STM32F4xx_HAL_Driver/Src/stm32f4xx_hal_uart.o
 .debug_frame   0x000000000000300c      0x7c0 ./Drivers/STM32F4xx_HAL_Driver/Src/stm32f4xx_ll_usb.o
 .debug_frame   0x00000000000037cc       0x2c c:/st/stm32cubeide_1.10.1/stm32cubeide/plugins/com.st.stm32cube.ide.mcu.externaltools.gnu-tools-for-stm32.10.3-2021.10.win32_1.0.0.202111181127/tools/bin/../lib/gcc/arm-none-eabi/10.3.1/../../../../arm-none-eabi/lib/thumb/v7e-m+fp/hard\libc_nano.a(lib_a-init.o)
 .debug_frame   0x00000000000037f8       0x20 c:/st/stm32cubeide_1.10.1/stm32cubeide/plugins/com.st.stm32cube.ide.mcu.externaltools.gnu-tools-for-stm32.10.3-2021.10.win32_1.0.0.202111181127/tools/bin/../lib/gcc/arm-none-eabi/10.3.1/../../../../arm-none-eabi/lib/thumb/v7e-m+fp/hard\libc_nano.a(lib_a-memset.o)
 .debug_frame   0x0000000000003818       0x2c c:/st/stm32cubeide_1.10.1/stm32cubeide/plugins/com.st.stm32cube.ide.mcu.externaltools.gnu-tools-for-stm32.10.3-2021.10.win32_1.0.0.202111181127/tools/bin/../lib/gcc/arm-none-eabi/10.3.1/thumb/v7e-m+fp/hard\libgcc.a(_aeabi_uldivmod.o)
 .debug_frame   0x0000000000003844       0x34 c:/st/stm32cubeide_1.10.1/stm32cubeide/plugins/com.st.stm32cube.ide.mcu.externaltools.gnu-tools-for-stm32.10.3-2021.10.win32_1.0.0.202111181127/tools/bin/../lib/gcc/arm-none-eabi/10.3.1/thumb/v7e-m+fp/hard\libgcc.a(_udivmoddi4.o)
